Component: ARM Compiler 5.06 update 7 (build 960) Tool: armlink [4d3601]

==============================================================================

Section Cross References

    stm32f10x_it.o(.text) refers to usart.o(.text) for UsartPrintf
    system_stm32f10x.o(.text) refers to system_stm32f10x.o(.data) for SystemCoreClock
    startup_stm32f10x_md.o(STACK) refers (Special) to heapauxi.o(.text) for __use_two_region_memory
    startup_stm32f10x_md.o(HEAP) refers (Special) to heapauxi.o(.text) for __use_two_region_memory
    startup_stm32f10x_md.o(RESET) refers (Special) to heapauxi.o(.text) for __use_two_region_memory
    startup_stm32f10x_md.o(RESET) refers to startup_stm32f10x_md.o(STACK) for __initial_sp
    startup_stm32f10x_md.o(RESET) refers to startup_stm32f10x_md.o(.text) for Reset_Handler
    startup_stm32f10x_md.o(RESET) refers to stm32f10x_it.o(.text) for NMI_Handler
    startup_stm32f10x_md.o(RESET) refers to main.o(.text) for TIM2_IRQHandler
    startup_stm32f10x_md.o(RESET) refers to usart.o(.text) for USART1_IRQHandler
    startup_stm32f10x_md.o(RESET) refers to esp8266.o(.text) for USART2_IRQHandler
    startup_stm32f10x_md.o(.text) refers (Special) to heapauxi.o(.text) for __use_two_region_memory
    startup_stm32f10x_md.o(.text) refers to system_stm32f10x.o(.text) for SystemInit
    startup_stm32f10x_md.o(.text) refers to __main.o(!!!main) for __main
    startup_stm32f10x_md.o(.text) refers to startup_stm32f10x_md.o(HEAP) for Heap_Mem
    startup_stm32f10x_md.o(.text) refers to startup_stm32f10x_md.o(STACK) for Stack_Mem
    stm32f10x_gpio.o(.text) refers to stm32f10x_rcc.o(.text) for RCC_APB2PeriphResetCmd
    stm32f10x_rcc.o(.text) refers to stm32f10x_rcc.o(.data) for APBAHBPrescTable
    stm32f10x_usart.o(.text) refers to stm32f10x_rcc.o(.text) for RCC_APB2PeriphResetCmd
    stm32f10x_adc.o(.text) refers to stm32f10x_rcc.o(.text) for RCC_APB2PeriphResetCmd
    stm32f10x_tim.o(.text) refers to stm32f10x_rcc.o(.text) for RCC_APB2PeriphResetCmd
    beep.o(.text) refers to stm32f10x_gpio.o(.text) for GPIO_WriteBit
    beep.o(.text) refers to stm32f10x_rcc.o(.text) for RCC_APB2PeriphClockCmd
    beep.o(.text) refers to beep.o(.data) for beep_info
    delay.o(.text) refers to delay.o(.data) for UsCount
    usart.o(.text) refers to stm32f10x_rcc.o(.text) for RCC_APB2PeriphClockCmd
    usart.o(.text) refers to stm32f10x_gpio.o(.text) for GPIO_Init
    usart.o(.text) refers to stm32f10x_usart.o(.text) for USART_Init
    usart.o(.text) refers to misc.o(.text) for NVIC_Init
    usart.o(.text) refers to vsnprintf.o(.text) for vsnprintf
    ad.o(.text) refers to stm32f10x_rcc.o(.text) for RCC_APB2PeriphClockCmd
    ad.o(.text) refers to stm32f10x_gpio.o(.text) for GPIO_Init
    ad.o(.text) refers to stm32f10x_adc.o(.text) for ADC_RegularChannelConfig
    pwm.o(.text) refers to stm32f10x_rcc.o(.text) for RCC_APB2PeriphClockCmd
    pwm.o(.text) refers to stm32f10x_gpio.o(.text) for GPIO_Init
    pwm.o(.text) refers to stm32f10x_tim.o(.text) for TIM_InternalClockConfig
    timer.o(.text) refers to stm32f10x_rcc.o(.text) for RCC_APB1PeriphClockCmd
    timer.o(.text) refers to stm32f10x_tim.o(.text) for TIM_InternalClockConfig
    timer.o(.text) refers to misc.o(.text) for NVIC_Init
    dht11.o(.text) refers to stm32f10x_gpio.o(.text) for GPIO_WriteBit
    dht11.o(.text) refers to delay.o(.text) for DelayXms
    dht11.o(.text) refers to stm32f10x_rcc.o(.text) for RCC_APB2PeriphClockCmd
    main.o(.text) refers to misc.o(.text) for NVIC_PriorityGroupConfig
    main.o(.text) refers to delay.o(.text) for Delay_Init
    main.o(.text) refers to usart.o(.text) for Usart1_Init
    main.o(.text) refers to ad.o(.text) for AD_Init
    main.o(.text) refers to pwm.o(.text) for PWM_Init
    main.o(.text) refers to timer.o(.text) for Timer_Init
    main.o(.text) refers to dht11.o(.text) for DHT11_Init
    main.o(.text) refers to esp8266.o(.text) for ESP8266_Init
    main.o(.text) refers to onenet.o(.text) for OneNet_DevLink
    main.o(.text) refers to stm32f10x_tim.o(.text) for TIM_GetITStatus
    main.o(.text) refers to main.o(.data) for send_data_flag
    onenet.o(.text) refers to _printf_percent.o(.ARM.Collect$$_printf_percent$$00000000) for _printf_percent
    onenet.o(.text) refers to _printf_d.o(.ARM.Collect$$_printf_percent$$00000009) for _printf_d
    onenet.o(.text) refers to _printf_s.o(.ARM.Collect$$_printf_percent$$00000014) for _printf_s
    onenet.o(.text) refers to _printf_dec.o(.text) for _printf_int_dec
    onenet.o(.text) refers to _printf_str.o(.text) for _printf_str
    onenet.o(.text) refers to _scanf_int.o(.text) for _scanf_int
    onenet.o(.text) refers to _scanf_str.o(.text) for _scanf_string
    onenet.o(.text) refers to strlen.o(.text) for strlen
    onenet.o(.text) refers to strcat.o(.text) for strcat
    onenet.o(.text) refers to rt_memclr_w.o(.text) for __aeabi_memclr4
    onenet.o(.text) refers to base64.o(.text) for BASE64_Decode
[...]
    I2C2_ER_IRQHandler                       0x0800056b   Thumb Code     0  startup_stm32f10x_md.o(.text)
    I2C2_EV_IRQHandler                       0x0800056b   Thumb Code     0  startup_stm32f10x_md.o(.text)
    PVD_IRQHandler                           0x0800056b   Thumb Code     0  startup_stm32f10x_md.o(.text)
    RCC_IRQHandler                           0x0800056b   Thumb Code     0  startup_stm32f10x_md.o(.text)
    RTCAlarm_IRQHandler                      0x0800056b   Thumb Code     0  startup_stm32f10x_md.o(.text)
    SPI1_IRQHandler                          0x0800056b   Thumb Code     0  startup_stm32f10x_md.o(.text)
    SPI2_IRQHandler                          0x0800056b   Thumb Code     0  startup_stm32f10x_md.o(.text)
    TAMPER_IRQHandler                        0x0800056b   Thumb Code     0  startup_stm32f10x_md.o(.text)
    TIM1_BRK_IRQHandler                      0x0800056b   Thumb Code     0  startup_stm32f10x_md.o(.text)
    TIM1_CC_IRQHandler                       0x0800056b   Thumb Code     0  startup_stm32f10x_md.o(.text)
    TIM1_TRG_COM_IRQHandler                  0x0800056b   Thumb Code     0  startup_stm32f10x_md.o(.text)
    TIM1_UP_IRQHandler                       0x0800056b   Thumb Code     0  startup_stm32f10x_md.o(.text)
    TIM3_IRQHandler                          0x0800056b   Thumb Code     0  startup_stm32f10x_md.o(.text)
    TIM4_IRQHandler                          0x0800056b   Thumb Code     0  startup_stm32f10x_md.o(.text)
    USART3_IRQHandler                        0x0800056b   Thumb Code     0  startup_stm32f10x_md.o(.text)
    USBWakeUp_IRQHandler                     0x0800056b   Thumb Code     0  startup_stm32f10x_md.o(.text)
    USB_HP_CAN1_TX_IRQHandler                0x0800056b   Thumb Code     0  startup_stm32f10x_md.o(.text)
    USB_LP_CAN1_RX0_IRQHandler               0x0800056b   Thumb Code     0  startup_stm32f10x_md.o(.text)
    WWDG_IRQHandler                          0x0800056b   Thumb Code     0  startup_stm32f10x_md.o(.text)
    __user_initial_stackheap                 0x0800056d   Thumb Code     0  startup_stm32f10x_md.o(.text)
    NVIC_PriorityGroupConfig                 0x08000591   Thumb Code    10  misc.o(.text)
    NVIC_Init                                0x0800059b   Thumb Code   100  misc.o(.text)
    NVIC_SetVectorTable                      0x080005ff   Thumb Code    14  misc.o(.text)
    NVIC_SystemLPConfig                      0x0800060d   Thumb Code    34  misc.o(.text)
    SysTick_CLKSourceConfig                  0x0800062f   Thumb Code    40  misc.o(.text)
    GPIO_DeInit                              0x0800066d   Thumb Code   172  stm32f10x_gpio.o(.text)
    GPIO_AFIODeInit                          0x08000719   Thumb Code    20  stm32f10x_gpio.o(.text)
    GPIO_Init                                0x0800072d   Thumb Code   278  stm32f10x_gpio.o(.text)
    GPIO_StructInit                          0x08000843   Thumb Code    16  stm32f10x_gpio.o(.text)
    GPIO_ReadInputDataBit                    0x08000853   Thumb Code    18  stm32f10x_gpio.o(.text)
    GPIO_ReadInputData                       0x08000865   Thumb Code     8  stm32f10x_gpio.o(.text)
    GPIO_ReadOutputDataBit                   0x0800086d   Thumb Code    18  stm32f10x_gpio.o(.text)
    GPIO_ReadOutputData                      0x0800087f   Thumb Code     8  stm32f10x_gpio.o(.text)
    GPIO_SetBits                             0x08000887   Thumb Code     4  stm32f10x_gpio.o(.text)
    GPIO_ResetBits                           0x0800088b   Thumb Code     4  stm32f10x_gpio.o(.text)
    GPIO_WriteBit                            0x0800088f   Thumb Code    10  stm32f10x_gpio.o(.text)
    GPIO_Write                               0x08000899   Thumb Code     4  stm32f10x_gpio.o(.text)
    GPIO_PinLockConfig                       0x0800089d   Thumb Code    18  stm32f10x_gpio.o(.text)
    GPIO_EventOutputConfig                   0x080008af   Thumb Code    26  stm32f10x_gpio.o(.text)
    GPIO_EventOutputCmd                      0x080008c9   Thumb Code     6  stm32f10x_gpio.o(.text)
    GPIO_PinRemapConfig                      0x080008cf   Thumb Code   138  stm32f10x_gpio.o(.text)
    GPIO_EXTILineConfig                      0x08000959   Thumb Code    66  stm32f10x_gpio.o(.text)
    GPIO_ETH_MediaInterfaceConfig            0x0800099b   Thumb Code     8  stm32f10x_gpio.o(.text)
    RCC_DeInit                               0x080009c9   Thumb Code    64  stm32f10x_rcc.o(.text)
    RCC_HSEConfig                            0x08000a09   Thumb Code    70  stm32f10x_rcc.o(.text)
    RCC_GetFlagStatus                        0x08000a4f   Thumb Code    56  stm32f10x_rcc.o(.text)
    RCC_WaitForHSEStartUp                    0x08000a87   Thumb Code    56  stm32f10x_rcc.o(.text)
    RCC_AdjustHSICalibrationValue            0x08000abf   Thumb Code    20  stm32f10x_rcc.o(.text)
    RCC_HSICmd                               0x08000ad3   Thumb Code     6  stm32f10x_rcc.o(.text)
    RCC_PLLConfig                            0x08000ad9   Thumb Code    24  stm32f10x_rcc.o(.text)
    RCC_PLLCmd                               0x08000af1   Thumb Code     6  stm32f10x_rcc.o(.text)
    RCC_SYSCLKConfig                         0x08000af7   Thumb Code    18  stm32f10x_rcc.o(.text)
    RCC_GetSYSCLKSource                      0x08000b09   Thumb Code    10  stm32f10x_rcc.o(.text)
    RCC_HCLKConfig                           0x08000b13   Thumb Code    18  stm32f10x_rcc.o(.text)
    RCC_PCLK1Config                          0x08000b25   Thumb Code    18  stm32f10x_rcc.o(.text)
    RCC_PCLK2Config                          0x08000b37   Thumb Code    20  stm32f10x_rcc.o(.text)
    RCC_ITConfig                             0x08000b4b   Thumb Code    26  stm32f10x_rcc.o(.text)
    RCC_USBCLKConfig                         0x08000b65   Thumb Code     8  stm32f10x_rcc.o(.text)
    RCC_ADCCLKConfig                         0x08000b6d   Thumb Code    18  stm32f10x_rcc.o(.text)
    RCC_LSEConfig                            0x08000b7f   Thumb Code    50  stm32f10x_rcc.o(.text)
    RCC_LSICmd                               0x08000bb1   Thumb Code     6  stm32f10x_rcc.o(.text)
    RCC_RTCCLKConfig                         0x08000bb7   Thumb Code    12  stm32f10x_rcc.o(.text)
    RCC_RTCCLKCmd                            0x08000bc3   Thumb Code     8  stm32f10x_rcc.o(.text)
    RCC_GetClocksFreq                        0x08000bcb   Thumb Code   192  stm32f10x_rcc.o(.text)
    RCC_AHBPeriphClockCmd                    0x08000c8b   Thumb Code    26  stm32f10x_rcc.o(.text)
    RCC_APB2PeriphClockCmd                   0x08000ca5   Thumb Code    26  stm32f10x_rcc.o(.text)
    RCC_APB1PeriphClockCmd                   0x08000cbf   Thumb Code    26  stm32f10x_rcc.o(.text)
    RCC_APB2PeriphResetCmd                   0x08000cd9   Thumb Code    26  stm32f10x_rcc.o(.text)
    RCC_APB1PeriphResetCmd                   0x08000cf3   Thumb Code    26  stm32f10x_rcc.o(.text)
    RCC_BackupResetCmd                       0x08000d0d   Thumb Code     8  stm32f10x_rcc.o(.text)
    RCC_ClockSecuritySystemCmd               0x08000d15   Thumb Code     6  stm32f10x_rcc.o(.text)
    RCC_MCOConfig                            0x08000d1b   Thumb Code     6  stm32f10x_rcc.o(.text)
    RCC_ClearFlag                            0x08000d21   Thumb Code    14  stm32f10x_rcc.o(.text)
    RCC_GetITStatus                          0x08000d2f   Thumb Code    20  stm32f10x_rcc.o(.text)
    RCC_ClearITPendingBit                    0x08000d43   Thumb Code     6  stm32f10x_rcc.o(.text)
    USART_DeInit                             0x08000d6d   Thumb Code   134  stm32f10x_usart.o(.text)
    USART_Init                               0x08000df3   Thumb Code   210  stm32f10x_usart.o(.text)
    USART_StructInit                         0x08000ec5   Thumb Code    24  stm32f10x_usart.o(.text)
    USART_ClockInit                          0x08000edd   Thumb Code    34  stm32f10x_usart.o(.text)
    USART_ClockStructInit                    0x08000eff   Thumb Code    12  stm32f10x_usart.o(.text)
    USART_Cmd                                0x08000f0b   Thumb Code    24  stm32f10x_usart.o(.text)
    USART_ITConfig                           0x08000f23   Thumb Code    74  stm32f10x_usart.o(.text)
    USART_DMACmd                             0x08000f6d   Thumb Code    18  stm32f10x_usart.o(.text)
    USART_SetAddress                         0x08000f7f   Thumb Code    18  stm32f10x_usart.o(.text)
    USART_WakeUpConfig                       0x08000f91   Thumb Code    18  stm32f10x_usart.o(.text)
    USART_ReceiverWakeUpCmd                  0x08000fa3   Thumb Code    24  stm32f10x_usart.o(.text)
    USART_LINBreakDetectLengthConfig         0x08000fbb   Thumb Code    18  stm32f10x_usart.o(.text)
    USART_LINCmd                             0x08000fcd   Thumb Code    24  stm32f10x_usart.o(.text)
    USART_SendData                           0x08000fe5   Thumb Code     8  stm32f10x_usart.o(.text)
    USART_ReceiveData                        0x08000fed   Thumb Code    10  stm32f10x_usart.o(.text)
    USART_SendBreak                          0x08000ff7   Thumb Code    10  stm32f10x_usart.o(.text)
    USART_SetGuardTime                       0x08001001   Thumb Code    16  stm32f10x_usart.o(.text)
    USART_SetPrescaler                       0x08001011   Thumb Code    16  stm32f10x_usart.o(.text)
    USART_SmartCardCmd                       0x08001021   Thumb Code    24  stm32f10x_usart.o(.text)
    USART_SmartCardNACKCmd                   0x08001039   Thumb Code    24  stm32f10x_usart.o(.text)
    USART_HalfDuplexCmd                      0x08001051   Thumb Code    24  stm32f10x_usart.o(.text)
    USART_OverSampling8Cmd                   0x08001069   Thumb Code    22  stm32f10x_usart.o(.text)
    USART_OneBitMethodCmd                    0x0800107f   Thumb Code    24  stm32f10x_usart.o(.text)
    USART_IrDAConfig                         0x08001097   Thumb Code    18  stm32f10x_usart.o(.text)
    USART_IrDACmd                            0x080010a9   Thumb Code    24  stm32f10x_usart.o(.text)
    USART_GetFlagStatus                      0x080010c1   Thumb Code    26  stm32f10x_usart.o(.text)
    USART_ClearFlag                          0x080010db   Thumb Code    18  stm32f10x_usart.o(.text)
    USART_GetITStatus                        0x080010ed   Thumb Code    84  stm32f10x_usart.o(.text)
    USART_ClearITPendingBit                  0x08001141   Thumb Code    52  stm32f10x_usart.o(.text)
    ADC_DeInit                               0x08001175   Thumb Code    78  stm32f10x_adc.o(.text)
    ADC_Init                                 0x080011c3   Thumb Code    70  stm32f10x_adc.o(.text)
    ADC_StructInit                           0x08001209   Thumb Code    18  stm32f10x_adc.o(.text)
    ADC_Cmd                                  0x0800121b   Thumb Code    22  stm32f10x_adc.o(.text)
    ADC_DMACmd                               0x08001231   Thumb Code    22  stm32f10x_adc.o(.text)
    ADC_ITConfig                             0x08001247   Thumb Code    24  stm32f10x_adc.o(.text)
    ADC_ResetCalibration                     0x0800125f   Thumb Code    10  stm32f10x_adc.o(.text)
    ADC_GetResetCalibrationStatus            0x08001269   Thumb Code    20  stm32f10x_adc.o(.text)
    ADC_StartCalibration                     0x0800127d   Thumb Code    10  stm32f10x_adc.o(.text)
    ADC_GetCalibrationStatus                 0x08001287   Thumb Code    20  stm32f10x_adc.o(.text)
    ADC_SoftwareStartConvCmd                 0x0800129b   Thumb Code    22  stm32f10x_adc.o(.text)
    ADC_GetSoftwareStartConvStatus           0x080012b1   Thumb Code    20  stm32f10x_adc.o(.text)
    ADC_DiscModeChannelCountConfig           0x080012c5   Thumb Code    24  stm32f10x_adc.o(.text)
    ADC_DiscModeCmd                          0x080012dd   Thumb Code    22  stm32f10x_adc.o(.text)
    ADC_RegularChannelConfig                 0x080012f3   Thumb Code   184  stm32f10x_adc.o(.text)
    ADC_ExternalTrigConvCmd                  0x080013ab   Thumb Code    22  stm32f10x_adc.o(.text)
    ADC_GetConversionValue                   0x080013c1   Thumb Code     8  stm32f10x_adc.o(.text)
    ADC_GetDualModeConversionValue           0x080013c9   Thumb Code     8  stm32f10x_adc.o(.text)
    ADC_AutoInjectedConvCmd                  0x080013d1   Thumb Code    22  stm32f10x_adc.o(.text)
    ADC_InjectedDiscModeCmd                  0x080013e7   Thumb Code    22  stm32f10x_adc.o(.text)
    ADC_ExternalTrigInjectedConvConfig       0x080013fd   Thumb Code    16  stm32f10x_adc.o(.text)
    ADC_ExternalTrigInjectedConvCmd          0x0800140d   Thumb Code    22  stm32f10x_adc.o(.text)
    ADC_SoftwareStartInjectedConvCmd         0x08001423   Thumb Code    22  stm32f10x_adc.o(.text)
    ADC_GetSoftwareStartInjectedConvCmdStatus 0x08001439   Thumb Code    20  stm32f10x_adc.o(.text)
    ADC_InjectedChannelConfig                0x0800144d   Thumb Code   130  stm32f10x_adc.o(.text)
    ADC_InjectedSequencerLengthConfig        0x080014cf   Thumb Code    24  stm32f10x_adc.o(.text)
    ADC_SetInjectedOffset                    0x080014e7   Thumb Code    20  stm32f10x_adc.o(.text)
    ADC_GetInjectedConversionValue           0x080014fb   Thumb Code    28  stm32f10x_adc.o(.text)
    ADC_AnalogWatchdogCmd                    0x08001517   Thumb Code    16  stm32f10x_adc.o(.text)
    ADC_AnalogWatchdogThresholdsConfig       0x08001527   Thumb Code     6  stm32f10x_adc.o(.text)
    ADC_AnalogWatchdogSingleChannelConfig    0x0800152d   Thumb Code    16  stm32f10x_adc.o(.text)
    ADC_TempSensorVrefintCmd                 0x0800153d   Thumb Code    64  stm32f10x_adc.o(.text)
    ADC_GetFlagStatus                        0x0800157d   Thumb Code    18  stm32f10x_adc.o(.text)
    ADC_ClearFlag                            0x0800158f   Thumb Code     6  stm32f10x_adc.o(.text)
    ADC_GetITStatus                          0x08001595   Thumb Code    36  stm32f10x_adc.o(.text)
    ADC_ClearITPendingBit                    0x080015b9   Thumb Code    10  stm32f10x_adc.o(.text)
    TIM_DeInit                               0x080015c5   Thumb Code   424  stm32f10x_tim.o(.text)
    TIM_TimeBaseInit                         0x0800176d   Thumb Code   122  stm32f10x_tim.o(.text)
    TIM_OC1Init                              0x080017e7   Thumb Code   132  stm32f10x_tim.o(.text)
    TIM_OC2Init                              0x0800186b   Thumb Code   154  stm32f10x_tim.o(.text)
    TIM_OC3Init                              0x08001905   Thumb Code   150  stm32f10x_tim.o(.text)
    TIM_OC4Init                              0x0800199b   Thumb Code   182  stm32f10x_tim.o(.text)
    TIM_SetIC4Prescaler                      0x08001a51   Thumb Code    26  stm32f10x_tim.o(.text)
    TIM_SetIC3Prescaler                      0x08001aed   Thumb Code    18  stm32f10x_tim.o(.text)
    TIM_SetIC2Prescaler                      0x08001b79   Thumb Code    26  stm32f10x_tim.o(.text)
    TIM_SetIC1Prescaler                      0x08001c15   Thumb Code    18  stm32f10x_tim.o(.text)
    TIM_ICInit                               0x08001c93   Thumb Code   150  stm32f10x_tim.o(.text)
    TIM_PWMIConfig                           0x08001d29   Thumb Code   124  stm32f10x_tim.o(.text)
    TIM_BDTRConfig                           0x08001da5   Thumb Code    32  stm32f10x_tim.o(.text)
    TIM_TimeBaseStructInit                   0x08001dc5   Thumb Code    18  stm32f10x_tim.o(.text)
    TIM_OCStructInit                         0x08001dd7   Thumb Code    20  stm32f10x_tim.o(.text)
    TIM_ICStructInit                         0x08001deb   Thumb Code    18  stm32f10x_tim.o(.text)
    TIM_BDTRStructInit                       0x08001dfd   Thumb Code    40  stm32f10x_tim.o(.text)
    TIM_Cmd                                  0x08001e25   Thumb Code    24  stm32f10x_tim.o(.text)
    TIM_CtrlPWMOutputs                       0x08001e3d   Thumb Code    30  stm32f10x_tim.o(.text)
    TIM_ITConfig                             0x08001e5b   Thumb Code    18  stm32f10x_tim.o(.text)
    TIM_GenerateEvent                        0x08001e6d   Thumb Code     4  stm32f10x_tim.o(.text)
    TIM_DMAConfig                            0x08001e71   Thumb Code    10  stm32f10x_tim.o(.text)
    TIM_DMACmd                               0x08001e7b   Thumb Code    18  stm32f10x_tim.o(.text)
    TIM_InternalClockConfig                  0x08001e8d   Thumb Code    12  stm32f10x_tim.o(.text)
    TIM_SelectInputTrigger                   0x08001e99   Thumb Code    18  stm32f10x_tim.o(.text)
    TIM_ITRxExternalClockConfig              0x08001eab   Thumb Code    24  stm32f10x_tim.o(.text)
    TIM_TIxExternalClockConfig               0x08001ec3   Thumb Code    62  stm32f10x_tim.o(.text)
    TIM_ETRConfig                            0x08001f01   Thumb Code    28  stm32f10x_tim.o(.text)
    TIM_ETRClockMode1Config                  0x08001f1d   Thumb Code    54  stm32f10x_tim.o(.text)
    TIM_ETRClockMode2Config                  0x08001f53   Thumb Code    32  stm32f10x_tim.o(.text)
    TIM_PrescalerConfig                      0x08001f73   Thumb Code     6  stm32f10x_tim.o(.text)
    TIM_CounterModeConfig                    0x08001f79   Thumb Code    18  stm32f10x_tim.o(.text)
    TIM_EncoderInterfaceConfig               0x08001f8b   Thumb Code    66  stm32f10x_tim.o(.text)
    TIM_ForcedOC1Config                      0x08001fcd   Thumb Code    18  stm32f10x_tim.o(.text)
    TIM_ForcedOC2Config                      0x08001fdf   Thumb Code    26  stm32f10x_tim.o(.text)
    TIM_ForcedOC3Config                      0x08001ff9   Thumb Code    18  stm32f10x_tim.o(.text)
    TIM_ForcedOC4Config                      0x0800200b   Thumb Code    26  stm32f10x_tim.o(.text)
    TIM_ARRPreloadConfig                     0x08002025   Thumb Code    24  stm32f10x_tim.o(.text)
    TIM_SelectCOM                            0x0800203d   Thumb Code    24  stm32f10x_tim.o(.text)
    TIM_SelectCCDMA                          0x08002055   Thumb Code    24  stm32f10x_tim.o(.text)
    TIM_CCPreloadControl                     0x0800206d   Thumb Code    24  stm32f10x_tim.o(.text)
    TIM_OC1PreloadConfig                     0x08002085   Thumb Code    18  stm32f10x_tim.o(.text)
    TIM_OC2PreloadConfig                     0x08002097   Thumb Code    26  stm32f10x_tim.o(.text)
    TIM_OC3PreloadConfig                     0x080020b1   Thumb Code    18  stm32f10x_tim.o(.text)
    TIM_OC4PreloadConfig                     0x080020c3   Thumb Code    26  stm32f10x_tim.o(.text)
    TIM_OC1FastConfig                        0x080020dd   Thumb Code    18  stm32f10x_tim.o(.text)
    TIM_OC2FastConfig                        0x080020ef   Thumb Code    26  stm32f10x_tim.o(.text)
    TIM_OC3FastConfig                        0x08002109   Thumb Code    18  stm32f10x_tim.o(.text)
    TIM_OC4FastConfig                        0x0800211b   Thumb Code    26  stm32f10x_tim.o(.text)
    TIM_ClearOC1Ref                          0x08002135   Thumb Code    18  stm32f10x_tim.o(.text)
    TIM_ClearOC2Ref                          0x08002147   Thumb Code    24  stm32f10x_tim.o(.text)
    TIM_ClearOC3Ref                          0x0800215f   Thumb Code    18  stm32f10x_tim.o(.text)
    TIM_ClearOC4Ref                          0x08002171   Thumb Code    24  stm32f10x_tim.o(.text)
    TIM_OC1PolarityConfig                    0x08002189   Thumb Code    18  stm32f10x_tim.o(.text)
    TIM_OC1NPolarityConfig                   0x0800219b   Thumb Code    18  stm32f10x_tim.o(.text)
    TIM_OC2PolarityConfig                    0x080021ad   Thumb Code    26  stm32f10x_tim.o(.text)
    TIM_OC2NPolarityConfig                   0x080021c7   Thumb Code    26  stm32f10x_tim.o(.text)
    TIM_OC3PolarityConfig                    0x080021e1   Thumb Code    26  stm32f10x_tim.o(.text)
    TIM_OC3NPolarityConfig                   0x080021fb   Thumb Code    26  stm32f10x_tim.o(.text)
    TIM_OC4PolarityConfig                    0x08002215   Thumb Code    26  stm32f10x_tim.o(.text)
    TIM_CCxCmd                               0x0800222f   Thumb Code    30  stm32f10x_tim.o(.text)
    TIM_CCxNCmd                              0x0800224d   Thumb Code    30  stm32f10x_tim.o(.text)
    TIM_SelectOCxM                           0x0800226b   Thumb Code    82  stm32f10x_tim.o(.text)
    TIM_UpdateDisableConfig                  0x080022bd   Thumb Code    24  stm32f10x_tim.o(.text)
    TIM_UpdateRequestConfig                  0x080022d5   Thumb Code    24  stm32f10x_tim.o(.text)
    TIM_SelectHallSensor                     0x080022ed   Thumb Code    24  stm32f10x_tim.o(.text)
    TIM_SelectOnePulseMode                   0x08002305   Thumb Code    18  stm32f10x_tim.o(.text)
    TIM_SelectOutputTrigger                  0x08002317   Thumb Code    18  stm32f10x_tim.o(.text)
    TIM_SelectSlaveMode                      0x08002329   Thumb Code    18  stm32f10x_tim.o(.text)
    TIM_SelectMasterSlaveMode                0x0800233b   Thumb Code    18  stm32f10x_tim.o(.text)
    TIM_SetCounter                           0x0800234d   Thumb Code     4  stm32f10x_tim.o(.text)
    TIM_SetAutoreload                        0x08002351   Thumb Code     4  stm32f10x_tim.o(.text)
    TIM_SetCompare1                          0x08002355   Thumb Code     4  stm32f10x_tim.o(.text)
    TIM_SetCompare2                          0x08002359   Thumb Code     4  stm32f10x_tim.o(.text)
    TIM_SetCompare3                          0x0800235d   Thumb Code     4  stm32f10x_tim.o(.text)
    TIM_SetCompare4                          0x08002361   Thumb Code     6  stm32f10x_tim.o(.text)
    TIM_SetClockDivision                     0x08002367   Thumb Code    18  stm32f10x_tim.o(.text)
    TIM_GetCapture1                          0x08002379   Thumb Code     6  stm32f10x_tim.o(.text)
    TIM_GetCapture2                          0x0800237f   Thumb Code     6  stm32f10x_tim.o(.text)
    TIM_GetCapture3                          0x08002385   Thumb Code     6  stm32f10x_tim.o(.text)
    TIM_GetCapture4                          0x0800238b   Thumb Code     8  stm32f10x_tim.o(.text)
    TIM_GetCounter                           0x08002393   Thumb Code     6  stm32f10x_tim.o(.text)
    TIM_GetPrescaler                         0x08002399   Thumb Code     6  stm32f10x_tim.o(.text)
    TIM_GetFlagStatus                        0x0800239f   Thumb Code    18  stm32f10x_tim.o(.text)
    TIM_ClearFlag                            0x080023b1   Thumb Code     6  stm32f10x_tim.o(.text)
    TIM_GetITStatus                          0x080023b7   Thumb Code    34  stm32f10x_tim.o(.text)
    TIM_ClearITPendingBit                    0x080023d9   Thumb Code     6  stm32f10x_tim.o(.text)
    Beep_Set                                 0x080023e1   Thumb Code    22  beep.o(.text)
    Beep_Init                                0x080023f7   Thumb Code    44  beep.o(.text)
    Delay_Init                               0x0800242d   Thumb Code    48  delay.o(.text)
    DelayUs                                  0x0800245d   Thumb Code    60  delay.o(.text)
    DelayXms                                 0x08002499   Thumb Code    66  delay.o(.text)
    DelayMs                                  0x080024db   Thumb Code    60  delay.o(.text)
    Usart1_Init                              0x08002521   Thumb Code   166  usart.o(.text)
    Usart2_Init                              0x080025c7   Thumb Code   162  usart.o(.text)
    Usart_SendString                         0x08002669   Thumb Code    50  usart.o(.text)
    UsartPrintf                              0x0800269b   Thumb Code    72  usart.o(.text)
    USART1_IRQHandler                        0x080026e3   Thumb Code    24  usart.o(.text)
    AD_Init                                  0x08002709   Thumb Code   150  ad.o(.text)
    AD_GetValue                              0x0800279f   Thumb Code    32  ad.o(.text)
    PWM_Init                                 0x080027c9   Thumb Code   194  pwm.o(.text)
    PWM_SetCompare3                          0x0800288b   Thumb Code    14  pwm.o(.text)
    PWM_TIM_GetCapture1                      0x08002899   Thumb Code    10  pwm.o(.text)
    Timer_Init                               0x080028b1   Thumb Code   118  timer.o(.text)
    DHT11_Rst                                0x08002929   Thumb Code    58  dht11.o(.text)
    DHT11_Check                              0x08002963   Thumb Code   100  dht11.o(.text)
    DHT11_Read_Bit                           0x080029c7   Thumb Code    82  dht11.o(.text)
    DHT11_Read_Byte                          0x08002a19   Thumb Code    30  dht11.o(.text)
    DHT11_Read_Data                          0x08002a37   Thumb Code    88  dht11.o(.text)
    DHT11_Init                               0x08002a8f   Thumb Code    54  dht11.o(.text)
    Hardware_Init                            0x08002ac9   Thumb Code    56  main.o(.text)
    main                                     0x08002b01   Thumb Code   156  main.o(.text)
    TIM2_IRQHandler                          0x08002b9d   Thumb Code    28  main.o(.text)
    OneNET_RegisterDevice                    0x08002e7f   Thumb Code   232  onenet.o(.text)
    OneNet_DevLink                           0x08002f67   Thumb Code   276  onenet.o(.text)
    OneNet_FillBuf                           0x0800307b   Thumb Code   958  onenet.o(.text)
    OneNet_SendData                          0x08003439   Thumb Code   116  onenet.o(.text)
    OneNET_Publish                           0x080034ad   Thumb Code    86  onenet.o(.text)
    OneNET_Subscribe                         0x08003503   Thumb Code    86  onenet.o(.text)
    OneNet_RevPro                            0x08003559   Thumb Code   286  onenet.o(.text)
    ft                                       0x080037b5   Thumb Code    76  hmac_sha1.o(.text)
    k                                        0x08003801   Thumb Code    34  hmac_sha1.o(.text)
    rotr                                     0x08003823   Thumb Code    40  hmac_sha1.o(.text)
    rotl                                     0x0800384b   Thumb Code    46  hmac_sha1.o(.text)
    sha1                                     0x08003879   Thumb Code   632  hmac_sha1.o(.text)
    hmac_sha1                                0x08003af1   Thumb Code   330  hmac_sha1.o(.text)
    BASE64_Encode                            0x08003c3d   Thumb Code   320  base64.o(.text)
    BASE64_Decode                            0x08003d7d   Thumb Code   360  base64.o(.text)
    MQTT_NewBuffer                           0x08003eed   Thumb Code    88  mqttkit.o(.text)
    MQTT_DeleteBuffer                        0x08003f45   Thumb Code    28  mqttkit.o(.text)
    MQTT_DumpLength                          0x08003f61   Thumb Code    46  mqttkit.o(.text)
    MQTT_ReadLength                          0x08003f8f   Thumb Code    70  mqttkit.o(.text)
    MQTT_UnPacketRecv                        0x08003fd5   Thumb Code   106  mqttkit.o(.text)
    MQTT_PacketConnect                       0x0800403f   Thumb Code   666  mqttkit.o(.text)
    MQTT_PacketDisConnect                    0x080042d9   Thumb Code    48  mqttkit.o(.text)
    MQTT_UnPacketConnectAck                  0x08004309   Thumb Code    30  mqttkit.o(.text)
    MQTT_PacketPublish                       0x08004327   Thumb Code   452  mqttkit.o(.text)
    MQTT_PacketSaveData                      0x080044eb   Thumb Code    68  mqttkit.o(.text)
    MQTT_PacketSaveBinData                   0x0800452f   Thumb Code   192  mqttkit.o(.text)
    MQTT_UnPacketCmd                         0x080045ef   Thumb Code   140  mqttkit.o(.text)
    MQTT_PacketCmdResp                       0x0800467b   Thumb Code   132  mqttkit.o(.text)
    MQTT_PacketSubscribe                     0x080046ff   Thumb Code   254  mqttkit.o(.text)
    MQTT_UnPacketSubscribe                   0x080047fd   Thumb Code    52  mqttkit.o(.text)
    MQTT_PacketUnSubscribe                   0x08004831   Thumb Code   300  mqttkit.o(.text)
    MQTT_UnPacketUnSubscribe                 0x0800495d   Thumb Code    18  mqttkit.o(.text)
    MQTT_UnPacketPublish                     0x0800496f   Thumb Code   440  mqttkit.o(.text)
    MQTT_PacketPublishAck                    0x08004b27   Thumb Code    72  mqttkit.o(.text)
    MQTT_UnPacketPublishAck                  0x08004b6f   Thumb Code    30  mqttkit.o(.text)
    MQTT_PacketPublishRec                    0x08004b8d   Thumb Code    72  mqttkit.o(.text)
    MQTT_UnPacketPublishRec                  0x08004bd5   Thumb Code    30  mqttkit.o(.text)
    MQTT_PacketPublishRel                    0x08004bf3   Thumb Code    72  mqttkit.o(.text)
    MQTT_UnPacketPublishRel                  0x08004c3b   Thumb Code    36  mqttkit.o(.text)
    MQTT_PacketPublishComp                   0x08004c5f   Thumb Code    72  mqttkit.o(.text)
    MQTT_UnPacketPublishComp                 0x08004ca7   Thumb Code    30  mqttkit.o(.text)
    MQTT_PacketPing                          0x08004cc5   Thumb Code    48  mqttkit.o(.text)
    ESP8266_Clear                            0x08004cf5   Thumb Code    20  esp8266.o(.text)
    ESP8266_WaitRecive                       0x08004d09   Thumb Code    42  esp8266.o(.text)
    ESP8266_SendCmd                          0x08004d33   Thumb Code    76  esp8266.o(.text)
    ESP8266_SendData                         0x08004d7f   Thumb Code    46  esp8266.o(.text)
    ESP8266_GetIPD                           0x08004dad   Thumb Code    68  esp8266.o(.text)
    ESP8266_Init                             0x08004df1   Thumb Code   136  esp8266.o(.text)
    USART2_IRQHandler                        0x08004e79   Thumb Code    64  esp8266.o(.text)
    cJSON_GetErrorPtr                        0x08004f85   Thumb Code     6  cjson.o(.text)
    cJSON_InitHooks                          0x08004fff   Thumb Code    48  cjson.o(.text)
    cJSON_Delete                             0x08005049   Thumb Code    82  cjson.o(.text)
    cJSON_ParseWithOpts                      0x08005bb5   Thumb Code   152  cjson.o(.text)
    cJSON_Parse                              0x08005c4d   Thumb Code    16  cjson.o(.text)
    cJSON_Print                              0x080063dd   Thumb Code    18  cjson.o(.text)
    cJSON_PrintUnformatted                   0x080063ef   Thumb Code    18  cjson.o(.text)
    cJSON_PrintBuffered                      0x08006401   Thumb Code    52  cjson.o(.text)
    cJSON_GetArraySize                       0x08006435   Thumb Code    18  cjson.o(.text)
    cJSON_GetArrayItem                       0x08006447   Thumb Code    18  cjson.o(.text)
    cJSON_GetObjectItem                      0x08006459   Thumb Code    30  cjson.o(.text)
    cJSON_AddItemToArray                     0x080064ad   Thumb Code    42  cjson.o(.text)
    cJSON_AddItemToObject                    0x080064d7   Thumb Code    44  cjson.o(.text)
    cJSON_AddItemToObjectCS                  0x08006503   Thumb Code    54  cjson.o(.text)
    cJSON_AddItemReferenceToArray            0x08006539   Thumb Code    24  cjson.o(.text)
    cJSON_AddItemReferenceToObject           0x08006551   Thumb Code    32  cjson.o(.text)
    cJSON_DetachItemFromArray                0x08006571   Thumb Code    66  cjson.o(.text)
    cJSON_DeleteItemFromArray                0x080065b3   Thumb Code    22  cjson.o(.text)
    cJSON_DetachItemFromObject               0x080065c9   Thumb Code    50  cjson.o(.text)
    cJSON_DeleteItemFromObject               0x080065fb   Thumb Code    22  cjson.o(.text)
    cJSON_InsertItemInArray                  0x08006611   Thumb Code    64  cjson.o(.text)
    cJSON_ReplaceItemInArray                 0x08006651   Thumb Code    76  cjson.o(.text)
    cJSON_ReplaceItemInObject                0x0800669d   Thumb Code    62  cjson.o(.text)
    cJSON_CreateNull                         0x080066db   Thumb Code    18  cjson.o(.text)
    cJSON_CreateTrue                         0x080066ed   Thumb Code    18  cjson.o(.text)
    cJSON_CreateFalse                        0x080066ff   Thumb Code    18  cjson.o(.text)
    cJSON_CreateBool                         0x08006711   Thumb Code    26  cjson.o(.text)
    cJSON_CreateNumber                       0x0800672b   Thumb Code    36  cjson.o(.text)
    cJSON_CreateString                       0x0800674f   Thumb Code    28  cjson.o(.text)
    cJSON_CreateArray                        0x0800676b   Thumb Code    18  cjson.o(.text)
    cJSON_CreateObject                       0x0800677d   Thumb Code    18  cjson.o(.text)
    cJSON_CreateIntArray                     0x0800678f   Thumb Code    68  cjson.o(.text)
    cJSON_CreateFloatArray                   0x080067d3   Thumb Code    68  cjson.o(.text)
    cJSON_CreateDoubleArray                  0x08006817   Thumb Code    68  cjson.o(.text)
    cJSON_CreateStringArray                  0x0800685b   Thumb Code    62  cjson.o(.text)
    cJSON_Duplicate                          0x08006899   Thumb Code   178  cjson.o(.text)
    cJSON_Minify                             0x0800694b   Thumb Code   186  cjson.o(.text)
    malloc                                   0x08006a05   Thumb Code    94  h1_alloc.o(.text)
    free                                     0x08006a63   Thumb Code    78  h1_free.o(.text)
    tolower                                  0x08006ab1   Thumb Code    26  tolower.o(.text)
    vsnprintf                                0x08006acd   Thumb Code    48  vsnprintf.o(.text)
    __2sprintf                               0x08006b01   Thumb Code    38  __2sprintf.o(.text)
    __2snprintf                              0x08006b2d   Thumb Code    50  __2snprintf.o(.text)
    _printf_pre_padding                      0x08006b65   Thumb Code    44  _printf_pad.o(.text)
    _printf_post_padding                     0x08006b91   Thumb Code    34  _printf_pad.o(.text)
    _printf_str                              0x08006bb3   Thumb Code    82  _printf_str.o(.text)
    _printf_int_dec                          0x08006c05   Thumb Code   104  _printf_dec.o(.text)
    _printf_longlong_hex                     0x08006c7d   Thumb Code    86  _printf_hex_int_ll_ptr.o(.text)
    _printf_int_hex                          0x08006cd3   Thumb Code    28  _printf_hex_int_ll_ptr.o(.text)
    _printf_ll_hex                           0x08006cef   Thumb Code    12  _printf_hex_int_ll_ptr.o(.text)
    _printf_hex_ptr                          0x08006cfb   Thumb Code    18  _printf_hex_int_ll_ptr.o(.text)
    __printf                                 0x08006d11   Thumb Code   388  __printf_flags_ss_wp.o(.text)
    __0sscanf                                0x08006e99   Thumb Code    52  __0sscanf.o(.text)
    _scanf_int                               0x08006ed5   Thumb Code   332  _scanf_int.o(.text)
    _scanf_string                            0x08007021   Thumb Code   224  _scanf_str.o(.text)
    strchr                                   0x08007101   Thumb Code    20  strchr.o(.text)
    strncat                                  0x08007115   Thumb Code    36  strncat.o(.text)
    strstr                                   0x08007139   Thumb Code    36  strstr.o(.text)
    strcpy                                   0x0800715d   Thumb Code    72  strcpy.o(.text)
    strlen                                   0x080071a5   Thumb Code    62  strlen.o(.text)
    strncmp                                  0x080071e3   Thumb Code   150  strncmp.o(.text)
    strcat                                   0x08007279   Thumb Code    24  strcat.o(.text)
    __aeabi_memcpy                           0x08007291   Thumb Code     0  rt_memcpy_v6.o(.text)
    __rt_memcpy                              0x08007291   Thumb Code   138  rt_memcpy_v6.o(.text)
    _memcpy_lastbytes                        0x080072f7   Thumb Code     0  rt_memcpy_v6.o(.text)
    __aeabi_memcpy4                          0x0800731b   Thumb Code     0  rt_memcpy_w.o(.text)
    __aeabi_memcpy8                          0x0800731b   Thumb Code     0  rt_memcpy_w.o(.text)
    __rt_memcpy_w                            0x0800731b   Thumb Code   100  rt_memcpy_w.o(.text)
    _memcpy_lastbytes_aligned                0x08007363   Thumb Code     0  rt_memcpy_w.o(.text)
    __aeabi_memclr                           0x0800737f   Thumb Code     0  rt_memclr.o(.text)
    __rt_memclr                              0x0800737f   Thumb Code    68  rt_memclr.o(.text)
    _memset                                  0x08007383   Thumb Code     0  rt_memclr.o(.text)
    __aeabi_memclr4                          0x080073c3   Thumb Code     0  rt_memclr_w.o(.text)
    __aeabi_memclr8                          0x080073c3   Thumb Code     0  rt_memclr_w.o(.text)
    __rt_memclr_w                            0x080073c3   Thumb Code    78  rt_memclr_w.o(.text)
    _memset_w                                0x080073c7   Thumb Code     0  rt_memclr_w.o(.text)
    __use_two_region_memory                  0x08007411   Thumb Code     2  heapauxi.o(.text)
    __rt_heap_escrow                         0x08007413   Thumb Code     2  heapauxi.o(.text)
    __rt_heap_expand                         0x08007415   Thumb Code     2  heapauxi.o(.text)
    __rt_ctype_table                         0x08007419   Thumb Code    16  rt_ctype_table.o(.text)
    __rt_heap_descriptor                     0x08007429   Thumb Code     8  rt_heap_descriptor_intlibspace.o(.text)
    __use_no_heap                            0x08007431   Thumb Code     2  hguard.o(.text)
    __heap$guard                             0x08007433   Thumb Code     2  hguard.o(.text)
    _terminate_user_alloc                    0x08007435   Thumb Code     2  init_alloc.o(.text)
    _init_user_alloc                         0x08007437   Thumb Code     2  init_alloc.o(.text)
    __Heap_Full                              0x08007439   Thumb Code    34  init_alloc.o(.text)
    __Heap_Broken                            0x0800745b   Thumb Code     6  init_alloc.o(.text)
    _init_alloc                              0x08007461   Thumb Code    94  init_alloc.o(.text)
    __Heap_Initialize                        0x080074bf   Thumb Code    10  h1_init.o(.text)
    __Heap_DescSize                          0x080074c9   Thumb Code     4  h1_init.o(.text)
    __read_errno                             0x080074cd   Thumb Code    10  _rserrno.o(.text)
    __set_errno                              0x080074d7   Thumb Code    12  _rserrno.o(.text)
    _printf_truncate_signed                  0x080074e3   Thumb Code    18  _printf_truncate.o(.text)
    _printf_truncate_unsigned                0x080074f5   Thumb Code    18  _printf_truncate.o(.text)
    _printf_int_common                       0x08007507   Thumb Code   178  _printf_intcommon.o(.text)
    _printf_charcount                        0x080075b9   Thumb Code    40  _printf_charcount.o(.text)
    __lib_sel_fp_printf                      0x080075e1   Thumb Code     2  _printf_fp_dec.o(.text)
    _printf_fp_dec_real                      0x08007793   Thumb Code   620  _printf_fp_dec.o(.text)
    _printf_char_common                      0x08007a0b   Thumb Code    32  _printf_char_common.o(.text)
    _sputc                                   0x08007a31   Thumb Code    10  _sputc.o(.text)
    _snputc                                  0x08007a3b   Thumb Code    16  _snputc.o(.text)
    _printf_cs_common                        0x08007a4b   Thumb Code    20  _printf_char.o(.text)
    _printf_char                             0x08007a5f   Thumb Code    16  _printf_char.o(.text)
    _printf_string                           0x08007a6f   Thumb Code     8  _printf_char.o(.text)
    _printf_wctomb                           0x08007a79   Thumb Code   182  _printf_wctomb.o(.text)
    _printf_longlong_dec                     0x08007b35   Thumb Code   108  _printf_longlong_dec.o(.text)
    _printf_longlong_oct                     0x08007bb1   Thumb Code    66  _printf_oct_int_ll.o(.text)
    _printf_int_oct                          0x08007bf3   Thumb Code    24  _printf_oct_int_ll.o(.text)
    _printf_ll_oct                           0x08007c0b   Thumb Code    12  _printf_oct_int_ll.o(.text)
    _chval                                   0x08007c21   Thumb Code    28  _chval.o(.text)
    __vfscanf_char                           0x08007c49   Thumb Code    24  scanf_char.o(.text)
    _sgetc                                   0x08007c69   Thumb Code    30  _sgetc.o(.text)
    _sbackspace                              0x08007c87   Thumb Code    34  _sgetc.o(.text)
    __user_libspace                          0x08007ca9   Thumb Code     8  libspace.o(.text)
    __user_perproc_libspace                  0x08007ca9   Thumb Code     0  libspace.o(.text)
    __user_perthread_libspace                0x08007ca9   Thumb Code     0  libspace.o(.text)
    __rt_locale                              0x08007cb1   Thumb Code     8  rt_locale_intlibspace.o(.text)
    __aeabi_errno_addr                       0x08007cb9   Thumb Code     8  rt_errno_addr_intlibspace.o(.text)
    __errno$intlibspace                      0x08007cb9   Thumb Code     0  rt_errno_addr_intlibspace.o(.text)
    __rt_errno_addr$intlibspace              0x08007cb9   Thumb Code     0  rt_errno_addr_intlibspace.o(.text)
    __Heap_ProvideMemory                     0x08007cc1   Thumb Code    52  h1_extend.o(.text)
    _ll_udiv10                               0x08007cf5   Thumb Code   138  lludiv10.o(.text)
    isspace                                  0x08007d7f   Thumb Code    18  isspace.o(.text)
    _printf_fp_hex_real                      0x08007d91   Thumb Code   756  _printf_fp_hex.o(.text)
    _printf_fp_infnan                        0x0800808d   Thumb Code   112  _printf_fp_infnan.o(.text)
    _printf_lcs_common                       0x0800810d   Thumb Code    20  _printf_wchar.o(.text)
    _printf_wchar                            0x08008121   Thumb Code    16  _printf_wchar.o(.text)
    _printf_wstring                          0x08008131   Thumb Code     8  _printf_wchar.o(.text)
    __vfscanf                                0x08008139   Thumb Code   880  _scanf.o(.text)
    _btod_etento                             0x080084ad   Thumb Code   224  bigflt0.o(.text)
    _wcrtomb                                 0x08008591   Thumb Code    64  _wcrtomb.o(.text)
    __rt_SIGRTMEM                            0x080085d1   Thumb Code    14  defsig_rtmem_outer.o(.text)
    __I$use$semihosting                      0x080085df   Thumb Code     0  use_no_semi.o(.text)
    __use_no_semihosting_swi                 0x080085df   Thumb Code     2  use_no_semi.o(.text)
    __semihosting_library_function           0x080085e1   Thumb Code     0  indicate_semi.o(.text)
    __user_setup_stackheap                   0x080085e1   Thumb Code    74  sys_stackheap_outer.o(.text)
    exit                                     0x0800862b   Thumb Code    18  exit.o(.text)
    __sig_exit                               0x0800863d   Thumb Code    10  defsig_exit.o(.text)
    __rt_SIGRTMEM_inner                      0x08008649   Thumb Code    22  defsig_rtmem_inner.o(.text)
    strcmp                                   0x08008699   Thumb Code   128  strcmpv7m.o(.text)
    _sys_exit                                0x08008719   Thumb Code     8  sys_exit.o(.text)
    __default_signal_display                 0x08008725   Thumb Code    50  defsig_general.o(.text)
    _ttywrch                                 0x08008757   Thumb Code    14  sys_wrch.o(.text)
    _btod_d2e                                0x08008765   Thumb Code    62  btod.o(CL$$btod_d2e)
    _d2e_denorm_low                          0x080087a3   Thumb Code    70  btod.o(CL$$btod_d2e_denorm_low)
    _d2e_norm_op1                            0x080087e9   Thumb Code    96  btod.o(CL$$btod_d2e_norm_op1)
    __btod_div_common                        0x08008849   Thumb Code   696  btod.o(CL$$btod_div_common)
    _e2e                                     0x08008b81   Thumb Code   220  btod.o(CL$$btod_e2e)
    _btod_ediv                               0x08008c5d   Thumb Code    42  btod.o(CL$$btod_ediv)
    _btod_emul                               0x08008c87   Thumb Code    42  btod.o(CL$$btod_emul)
    __btod_mult_common                       0x08008cb1   Thumb Code   580  btod.o(CL$$btod_mult_common)
    __ARM_fpclassify                         0x08008ef5   Thumb Code    40  fpclassify.o(i.__ARM_fpclassify)
    __kernel_poly                            0x08008f1d   Thumb Code   170  poly.o(i.__kernel_poly)
    __mathlib_dbl_divzero                    0x08008fc9   Thumb Code    12  dunder.o(i.__mathlib_dbl_divzero)
    __mathlib_dbl_infnan2                    0x08008fd9   Thumb Code     4  dunder.o(i.__mathlib_dbl_infnan2)
    __mathlib_dbl_invalid                    0x08008fdd   Thumb Code    12  dunder.o(i.__mathlib_dbl_invalid)
    __mathlib_dbl_overflow                   0x08008fe9   Thumb Code    14  dunder.o(i.__mathlib_dbl_overflow)
    __mathlib_dbl_underflow                  0x08008ff9   Thumb Code    10  dunder.o(i.__mathlib_dbl_underflow)
    _is_digit                                0x08009009   Thumb Code    14  __printf_wp.o(i._is_digit)
    floor                                    0x08009019   Thumb Code   204  floor.o(i.floor)
    pow                                      0x080090f5   Thumb Code  2512  pow.o(i.pow)
    sqrt                                     0x08009acd   Thumb Code    76  sqrt.o(i.sqrt)
    _get_lc_ctype                            0x08009b19   Thumb Code    44  lc_ctype_c.o(locale$$code)
    _get_lc_numeric                          0x08009b45   Thumb Code    44  lc_numeric_c.o(locale$$code)
    __aeabi_dadd                             0x08009b71   Thumb Code     0  daddsub_clz.o(x$fpl$dadd)
    _dadd                                    0x08009b71   Thumb Code   332  daddsub_clz.o(x$fpl$dadd)
    __fpl_dcheck_NaN1                        0x08009cc1   Thumb Code    10  dcheck1.o(x$fpl$dcheck1)
    __fpl_dcmp_Inf                           0x08009cd1   Thumb Code    24  dcmpi.o(x$fpl$dcmpinf)
    __aeabi_ddiv                             0x08009ce9   Thumb Code     0  ddiv.o(x$fpl$ddiv)
    _ddiv                                    0x08009ce9   Thumb Code   552  ddiv.o(x$fpl$ddiv)
    __aeabi_cdcmpeq                          0x08009f99   Thumb Code     0  deqf.o(x$fpl$deqf)
    _dcmpeq                                  0x08009f99   Thumb Code   120  deqf.o(x$fpl$deqf)
    __aeabi_d2iz                             0x0800a011   Thumb Code     0  dfix.o(x$fpl$dfix)
    _dfix                                    0x0800a011   Thumb Code    94  dfix.o(x$fpl$dfix)
    __aeabi_i2d                              0x0800a06f   Thumb Code     0  dflt_clz.o(x$fpl$dflt)
    _dflt                                    0x0800a06f   Thumb Code    46  dflt_clz.o(x$fpl$dflt)
    __aeabi_cdcmple                          0x0800a09d   Thumb Code     0  dleqf.o(x$fpl$dleqf)
    _dcmple                                  0x0800a09d   Thumb Code   120  dleqf.o(x$fpl$dleqf)
    __fpl_dcmple_InfNaN                      0x0800a0ff   Thumb Code     0  dleqf.o(x$fpl$dleqf)
    __aeabi_dmul                             0x0800a115   Thumb Code     0  dmul.o(x$fpl$dmul)
    _dmul                                    0x0800a115   Thumb Code   332  dmul.o(x$fpl$dmul)
    __fpl_dnaninf                            0x0800a269   Thumb Code   156  dnaninf.o(x$fpl$dnaninf)
    __fpl_dretinf                            0x0800a305   Thumb Code    12  dretinf.o(x$fpl$dretinf)
    __aeabi_cdrcmple                         0x0800a311   Thumb Code     0  drleqf.o(x$fpl$drleqf)
    _drcmple                                 0x0800a311   Thumb Code   108  drleqf.o(x$fpl$drleqf)
    __aeabi_drsub                            0x0800a37d   Thumb Code     0  daddsub_clz.o(x$fpl$drsb)
    _drsb                                    0x0800a37d   Thumb Code    22  daddsub_clz.o(x$fpl$drsb)
    _dsqrt                                   0x0800a395   Thumb Code   456  dsqrt_noumaal.o(x$fpl$dsqrt)
    __aeabi_dsub                             0x0800a561   Thumb Code     0  daddsub_clz.o(x$fpl$dsub)
    _dsub                                    0x0800a561   Thumb Code   464  daddsub_clz.o(x$fpl$dsub)
    __aeabi_f2d                              0x0800a735   Thumb Code     0  f2d.o(x$fpl$f2d)
    _f2d                                     0x0800a735   Thumb Code    86  f2d.o(x$fpl$f2d)
    __fpl_fnaninf                            0x0800a78b   Thumb Code   140  fnaninf.o(x$fpl$fnaninf)
    _printf_fp_dec                           0x0800a817   Thumb Code     4  printf1.o(x$fpl$printf1)
    _printf_fp_hex                           0x0800a81b   Thumb Code     4  printf2.o(x$fpl$printf2)
    __fpl_return_NaN                         0x0800a81f   Thumb Code   100  retnan.o(x$fpl$retnan)
    __ARM_scalbn                             0x0800a883   Thumb Code    92  scalbn.o(x$fpl$scalbn)
    __fpl_cmpreturn                          0x0800a8df   Thumb Code    48  trapv.o(x$fpl$trapveneer)
    __I$use$fp                               0x0800a90e   Number         0  usenofp.o(x$fpl$usenofp)
    __mathlib_zero                           0x0800aaa0   Data           8  qnan.o(.constdata)
    Region$$Table$$Base                      0x0800ac88   Number         0  anon$$obj.o(Region$$Table)
    Region$$Table$$Limit                     0x0800aca8   Number         0  anon$$obj.o(Region$$Table)
    __ctype                                  0x0800acb5   Data           0  lc_ctype_c.o(locale$$data)
    SystemCoreClock                          0x20000000   Data           4  system_stm32f10x.o(.data)
    AHBPrescTable                            0x20000004   Data          16  system_stm32f10x.o(.data)
    beep_info                                0x20000028   Data           1  beep.o(.data)
    UsCount                                  0x2000002a   Data           1  delay.o(.data)
    MsCount                                  0x2000002c   Data           2  delay.o(.data)
    Num                                      0x2000002e   Data           2  main.o(.data)
    temp111                                  0x20000030   Data           2  main.o(.data)
    speed                                    0x20000032   Data           2  main.o(.data)
    speedtem                                 0x20000034   Data           2  main.o(.data)
    temp                                     0x20000036   Data           1  main.o(.data)
    humi                                     0x20000037   Data           1  main.o(.data)
    send_data_flag                           0x20000038   Data           1  main.o(.data)
    esp8266_cnt                              0x2000003c   Data           2  esp8266.o(.data)
    esp8266_cntPre                           0x2000003e   Data           2  esp8266.o(.data)
    devid                                    0x2000004c   Data          16  onenet.o(.bss)
    key                                      0x2000005c   Data          48  onenet.o(.bss)
    esp8266_buf                              0x2000008c   Data         512  esp8266.o(.bss)
    __libspace_start                         0x2000028c   Data          96  libspace.o(.bss)
    __temporary_stack_top$libspace           0x200002ec   Data           0  libspace.o(.bss)



==============================================================================

Memory Map of the image

  Image Entry point : 0x080000ed

  Load Region LR_IROM1 (Base: 0x08000000, Size: 0x0000ae20, Max: 0x00010000, ABSOLUTE)

    Execution Region ER_IROM1 (Exec base: 0x08000000, Load base: 0x08000000, Size: 0x0000add4, Max: 0x00010000, ABSOLUTE)

    Exec Addr    Load Addr    Size         Type   Attr      Idx    E Section Name        Object

    0x08000000   0x08000000   0x000000ec   Data   RO          139    RESET               startup_stm32f10x_md.o
    0x080000ec   0x080000ec   0x00000008   Code   RO          722  * !!!main             c_w.l(__main.o)
    0x080000f4   0x080000f4   0x00000034   Code   RO         1140    !!!scatter          c_w.l(__scatter.o)
    0x08000128   0x08000128   0x0000001a   Code   RO         1142    !!handler_copy      c_w.l(__scatter_copy.o)
    0x08000142   0x08000142   0x00000002   PAD
    0x08000144   0x08000144   0x0000001c   Code   RO         1144    !!handler_zi        c_w.l(__scatter_zi.o)
    0x08000160   0x08000160   0x00000000   Code   RO          691    .ARM.Collect$$_printf_percent$$00000000  c_w.l(_printf_percent.o)
    0x08000160   0x08000160   0x00000006   Code   RO          826    .ARM.Collect$$_printf_percent$$00000001  c_w.l(_printf_n.o)
    0x08000166   0x08000166   0x00000006   Code   RO          827    .ARM.Collect$$_printf_percent$$00000002  c_w.l(_printf_p.o)
    0x0800016c   0x0800016c   0x00000006   Code   RO          689    .ARM.Collect$$_printf_percent$$00000003  c_w.l(_printf_f.o)
    0x08000172   0x08000172   0x00000006   Code   RO          690    .ARM.Collect$$_printf_percent$$00000004  c_w.l(_printf_e.o)
    0x08000178   0x08000178   0x00000006   Code   RO          831    .ARM.Collect$$_printf_percent$$00000005  c_w.l(_printf_g.o)
    0x0800017e   0x0800017e   0x00000006   Code   RO          832    .ARM.Collect$$_printf_percent$$00000006  c_w.l(_printf_a.o)
    0x08000184   0x08000184   0x0000000a   Code   RO          837    .ARM.Collect$$_printf_percent$$00000007  c_w.l(_printf_ll.o)
    0x0800018e   0x0800018e   0x00000006   Code   RO          829    .ARM.Collect$$_printf_percent$$00000008  c_w.l(_printf_i.o)
    0x08000194   0x08000194   0x00000006   Code   RO          688    .ARM.Collect$$_printf_percent$$00000009  c_w.l(_printf_d.o)
    0x0800019a   0x0800019a   0x00000006   Code   RO          830    .ARM.Collect$$_printf_percent$$0000000A  c_w.l(_printf_u.o)
    0x080001a0   0x080001a0   0x00000006   Code   RO          828    .ARM.Collect$$_printf_percent$$0000000B  c_w.l(_printf_o.o)
    0x080001a6   0x080001a6   0x00000006   Code   RO          687    .ARM.Collect$$_printf_percent$$0000000C  c_w.l(_printf_x.o)
    0x080001ac   0x080001ac   0x00000006   Code   RO          834    .ARM.Collect$$_printf_percent$$0000000D  c_w.l(_printf_lli.o)
    0x080001b2   0x080001b2   0x00000006   Code   RO          835    .ARM.Collect$$_printf_percent$$0000000E  c_w.l(_printf_lld.o)
    0x080001b8   0x080001b8   0x00000006   Code   RO          836    .ARM.Collect$$_printf_percent$$0000000F  c_w.l(_printf_llu.o)
    0x080001be   0x080001be   0x00000006   Code   RO          841    .ARM.Collect$$_printf_percent$$00000010  c_w.l(_printf_llo.o)
    0x080001c4   0x080001c4   0x00000006   Code   RO          842    .ARM.Collect$$_printf_percent$$00000011  c_w.l(_printf_llx.o)
    0x080001ca   0x080001ca   0x0000000a   Code   RO          838    .ARM.Collect$$_printf_percent$$00000012  c_w.l(_printf_l.o)
    0x080001d4   0x080001d4   0x00000006   Code   RO          825    .ARM.Collect$$_printf_percent$$00000013  c_w.l(_printf_c.o)
    0x080001da   0x080001da   0x00000006   Code   RO          686    .ARM.Collect$$_printf_percent$$00000014  c_w.l(_printf_s.o)
    0x080001e0   0x080001e0   0x00000006   Code   RO          839    .ARM.Collect$$_printf_percent$$00000015  c_w.l(_printf_lc.o)
    0x080001e6   0x080001e6   0x00000006   Code   RO          840    .ARM.Collect$$_printf_percent$$00000016  c_w.l(_printf_ls.o)
    0x080001ec   0x080001ec   0x00000004   Code   RO          833    .ARM.Collect$$_printf_percent$$00000017  c_w.l(_printf_percent_end.o)
    0x080001f0   0x080001f0   0x00000002   Code   RO         1073    .ARM.Collect$$libinit$$00000000  c_w.l(libinit.o)
    0x080001f2   0x080001f2   0x00000000   Code   RO          852    .ARM.Collect$$libinit$$00000002  c_w.l(libinit2.o)
    0x080001f2   0x080001f2   0x00000000   Code   RO          854    .ARM.Collect$$libinit$$00000004  c_w.l(libinit2.o)
    0x080001f2   0x080001f2   0x00000008   Code   RO          855    .ARM.Collect$$libinit$$00000005  c_w.l(libinit2.o)
    0x080001fa   0x080001fa   0x00000000   Code   RO          857    .ARM.Collect$$libinit$$0000000A  c_w.l(libinit2.o)
    0x080001fa   0x080001fa   0x00000000   Code   RO          859    .ARM.Collect$$libinit$$0000000C  c_w.l(libinit2.o)
    0x080001fa   0x080001fa   0x00000000   Code   RO          861    .ARM.Collect$$libinit$$0000000E  c_w.l(libinit2.o)
    0x080001fa   0x080001fa   0x00000006   Code   RO          862    .ARM.Collect$$libinit$$0000000F  c_w.l(libinit2.o)
    0x08000200   0x08000200   0x00000000   Code   RO          864    .ARM.Collect$$libinit$$00000011  c_w.l(libinit2.o)
    0x08000200   0x08000200   0x0000000c   Code   RO          865    .ARM.Collect$$libinit$$00000012  c_w.l(libinit2.o)
    0x0800020c   0x0800020c   0x00000000   Code   RO          866    .ARM.Collect$$libinit$$00000013  c_w.l(libinit2.o)
    0x0800020c   0x0800020c   0x00000000   Code   RO          868    .ARM.Collect$$libinit$$00000015  c_w.l(libinit2.o)
    0x0800020c   0x0800020c   0x0000000a   Code   RO          869    .ARM.Collect$$libinit$$00000016  c_w.l(libinit2.o)
    0x08000216   0x08000216   0x00000000   Code   RO          870    .ARM.Collect$$libinit$$00000017  c_w.l(libinit2.o)
    0x08000216   0x08000216   0x00000000   Code   RO          872    .ARM.Collect$$libinit$$00000019  c_w.l(libinit2.o)
    0x08000216   0x08000216   0x00000000   Code   RO          874    .ARM.Collect$$libinit$$0000001B  c_w.l(libinit2.o)
    0x08000216   0x08000216   0x00000000   Code   RO          876    .ARM.Collect$$libinit$$0000001D  c_w.l(libinit2.o)
    0x08000216   0x08000216   0x00000000   Code   RO          878    .ARM.Collect$$libinit$$0000001F  c_w.l(libinit2.o)
    0x08000216   0x08000216   0x00000000   Code   RO          880    .ARM.Collect$$libinit$$00000021  c_w.l(libinit2.o)
    0x08000216   0x08000216   0x00000000   Code   RO          882    .ARM.Collect$$libinit$$00000023  c_w.l(libinit2.o)
    0x08000216   0x08000216   0x00000000   Code   RO          884    .ARM.Collect$$libinit$$00000025  c_w.l(libinit2.o)
    0x08000216   0x08000216   0x00000000   Code   RO          888    .ARM.Collect$$libinit$$0000002C  c_w.l(libinit2.o)
    0x08000216   0x08000216   0x00000000   Code   RO          890    .ARM.Collect$$libinit$$0000002E  c_w.l(libinit2.o)
    0x08000216   0x08000216   0x00000000   Code   RO          892    .ARM.Collect$$libinit$$00000030  c_w.l(libinit2.o)
    0x08000216   0x08000216   0x00000000   Code   RO          894    .ARM.Collect$$libinit$$00000032  c_w.l(libinit2.o)
    0x08000216   0x08000216   0x00000002   Code   RO          895    .ARM.Collect$$libinit$$00000033  c_w.l(libinit2.o)
    0x08000218   0x08000218   0x00000002   Code   RO         1137    .ARM.Collect$$libshutdown$$00000000  c_w.l(libshutdown.o)
    0x0800021a   0x0800021a   0x00000000   Code   RO         1089    .ARM.Collect$$libshutdown$$00000002  c_w.l(libshutdown2.o)
    0x0800021a   0x0800021a   0x00000000   Code   RO         1091    .ARM.Collect$$libshutdown$$00000004  c_w.l(libshutdown2.o)
    0x0800021a   0x0800021a   0x00000000   Code   RO         1093    .ARM.Collect$$libshutdown$$00000006  c_w.l(libshutdown2.o)
    0x0800021a   0x0800021a   0x00000000   Code   RO         1096    .ARM.Collect$$libshutdown$$00000009  c_w.l(libshutdown2.o)
    0x0800021a   0x0800021a   0x00000000   Code   RO         1099    .ARM.Collect$$libshutdown$$0000000C  c_w.l(libshutdown2.o)
    0x0800021a   0x0800021a   0x00000000   Code   RO         1101    .ARM.Collect$$libshutdown$$0000000E  c_w.l(libshutdown2.o)
    0x0800021a   0x0800021a   0x00000000   Code   RO         1104    .ARM.Collect$$libshutdown$$00000011  c_w.l(libshutdown2.o)
    0x0800021a   0x0800021a   0x00000002   Code   RO         1105    .ARM.Collect$$libshutdown$$00000012  c_w.l(libshutdown2.o)
    0x0800021c   0x0800021c   0x00000000   Code   RO          768    .ARM.Collect$$rtentry$$00000000  c_w.l(__rtentry.o)
    0x0800021c   0x0800021c   0x00000000   Code   RO          950    .ARM.Collect$$rtentry$$00000002  c_w.l(__rtentry2.o)
    0x0800021c   0x0800021c   0x00000006   Code   RO          962    .ARM.Collect$$rtentry$$00000004  c_w.l(__rtentry4.o)
    0x08000222   0x08000222   0x00000000   Code   RO          952    .ARM.Collect$$rtentry$$00000009  c_w.l(__rtentry2.o)
    0x08000222   0x08000222   0x00000004   Code   RO          953    .ARM.Collect$$rtentry$$0000000A  c_w.l(__rtentry2.o)
    0x08000226   0x08000226   0x00000000   Code   RO          955    .ARM.Collect$$rtentry$$0000000C  c_w.l(__rtentry2.o)
    0x08000226   0x08000226   0x00000008   Code   RO          956    .ARM.Collect$$rtentry$$0000000D  c_w.l(__rtentry2.o)
    0x0800022e   0x0800022e   0x00000002   Code   RO         1078    .ARM.Collect$$rtexit$$00000000  c_w.l(rtexit.o)
    0x08000230   0x08000230   0x00000000   Code   RO         1111    .ARM.Collect$$rtexit$$00000002  c_w.l(rtexit2.o)
    0x08000230   0x08000230   0x00000004   Code   RO         1112    .ARM.Collect$$rtexit$$00000003  c_w.l(rtexit2.o)
    0x08000234   0x08000234   0x00000006   Code   RO         1113    .ARM.Collect$$rtexit$$00000004  c_w.l(rtexit2.o)
    0x0800023a   0x0800023a   0x00000002   PAD
    0x0800023c   0x0800023c   0x00000000   Code   RO          976    .emb_text           c_w.l(maybetermalloc1.o)
    0x0800023c   0x0800023c   0x00000134   Code   RO           17    .text               stm32f10x_it.o
    0x08000370   0x08000370   0x000001e0   Code   RO          119    .text               system_stm32f10x.o
    0x08000550   0x08000550   0x00000040   Code   RO          140    .text               startup_stm32f10x_md.o
    0x08000590   0x08000590   0x000000dc   Code   RO          144    .text               misc.o
    0x0800066c   0x0800066c   0x0000035c   Code   RO          182    .text               stm32f10x_gpio.o
    0x080009c8   0x080009c8   0x000003a4   Code   RO          194    .text               stm32f10x_rcc.o
    0x08000d6c   0x08000d6c   0x00000408   Code   RO          208    .text               stm32f10x_usart.o
    0x08001174   0x08001174   0x0000044e   Code   RO          220    .text               stm32f10x_adc.o
    0x080015c2   0x080015c2   0x00000002   PAD
    0x080015c4   0x080015c4   0x00000e1a   Code   RO          232    .text               stm32f10x_tim.o
    0x080023de   0x080023de   0x00000002   PAD
    0x080023e0   0x080023e0   0x0000004c   Code   RO          244    .text               beep.o
    0x0800242c   0x0800242c   0x000000f4   Code   RO          262    .text               delay.o
    0x08002520   0x08002520   0x000001e8   Code   RO          280    .text               usart.o
    0x08002708   0x08002708   0x000000c0   Code   RO          302    .text               ad.o
    0x080027c8   0x080027c8   0x000000e8   Code   RO          314    .text               pwm.o
    0x080028b0   0x080028b0   0x00000076   Code   RO          326    .text               timer.o
    0x08002926   0x08002926   0x00000002   PAD
    0x08002928   0x08002928   0x000001a0   Code   RO          338    .text               dht11.o
    0x08002ac8   0x08002ac8   0x000001a4   Code   RO          353    .text               main.o
    0x08002c6c   0x08002c6c   0x00000b48   Code   RO          390    .text               onenet.o
    0x080037b4   0x080037b4   0x00000486   Code   RO          436    .text               hmac_sha1.o
    0x08003c3a   0x08003c3a   0x00000002   PAD
    0x08003c3c   0x08003c3c   0x000002b0   Code   RO          458    .text               base64.o
    0x08003eec   0x08003eec   0x00000e08   Code   RO          479    .text               mqttkit.o
    0x08004cf4   0x08004cf4   0x00000290   Code   RO          507    .text               esp8266.o
    0x08004f84   0x08004f84   0x00001a80   Code   RO          527    .text               cjson.o
    0x08006a04   0x08006a04   0x0000005e   Code   RO          567    .text               c_w.l(h1_alloc.o)
    0x08006a62   0x08006a62   0x0000004e   Code   RO          569    .text               c_w.l(h1_free.o)
    0x08006ab0   0x08006ab0   0x0000001a   Code   RO          625    .text               c_w.l(tolower.o)
    0x08006aca   0x08006aca   0x00000002   PAD
    0x08006acc   0x08006acc   0x00000034   Code   RO          627    .text               c_w.l(vsnprintf.o)
    0x08006b00   0x08006b00   0x0000002c   Code   RO          629    .text               c_w.l(__2sprintf.o)
    0x08006b2c   0x08006b2c   0x00000038   Code   RO          631    .text               c_w.l(__2snprintf.o)
    0x08006b64   0x08006b64   0x0000004e   Code   RO          639    .text               c_w.l(_printf_pad.o)
    0x08006bb2   0x08006bb2   0x00000052   Code   RO          641    .text               c_w.l(_printf_str.o)
    0x08006c04   0x08006c04   0x00000078   Code   RO          643    .text               c_w.l(_printf_dec.o)
    0x08006c7c   0x08006c7c   0x00000094   Code   RO          663    .text               c_w.l(_printf_hex_int_ll_ptr.o)
    0x08006d10   0x08006d10   0x00000188   Code   RO          683    .text               c_w.l(__printf_flags_ss_wp.o)
    0x08006e98   0x08006e98   0x0000003c   Code   RO          692    .text               c_w.l(__0sscanf.o)
    0x08006ed4   0x08006ed4   0x0000014c   Code   RO          694    .text               c_w.l(_scanf_int.o)
    0x08007020   0x08007020   0x000000e0   Code   RO          696    .text               c_w.l(_scanf_str.o)
    0x08007100   0x08007100   0x00000014   Code   RO          698    .text               c_w.l(strchr.o)
    0x08007114   0x08007114   0x00000024   Code   RO          700    .text               c_w.l(strncat.o)
    0x08007138   0x08007138   0x00000024   Code   RO          702    .text               c_w.l(strstr.o)
    0x0800715c   0x0800715c   0x00000048   Code   RO          704    .text               c_w.l(strcpy.o)
    0x080071a4   0x080071a4   0x0000003e   Code   RO          706    .text               c_w.l(strlen.o)
    0x080071e2   0x080071e2   0x00000096   Code   RO          708    .text               c_w.l(strncmp.o)
    0x08007278   0x08007278   0x00000018   Code   RO          710    .text               c_w.l(strcat.o)
    0x08007290   0x08007290   0x0000008a   Code   RO          712    .text               c_w.l(rt_memcpy_v6.o)
    0x0800731a   0x0800731a   0x00000064   Code   RO          714    .text               c_w.l(rt_memcpy_w.o)
    0x0800737e   0x0800737e   0x00000044   Code   RO          716    .text               c_w.l(rt_memclr.o)
    0x080073c2   0x080073c2   0x0000004e   Code   RO          718    .text               c_w.l(rt_memclr_w.o)
    0x08007410   0x08007410   0x00000006   Code   RO          720    .text               c_w.l(heapauxi.o)
    0x08007416   0x08007416   0x00000002   PAD
    0x08007418   0x08007418   0x00000010   Code   RO          769    .text               c_w.l(rt_ctype_table.o)
    0x08007428   0x08007428   0x00000008   Code   RO          774    .text               c_w.l(rt_heap_descriptor_intlibspace.o)
    0x08007430   0x08007430   0x00000004   Code   RO          776    .text               c_w.l(hguard.o)
    0x08007434   0x08007434   0x0000008a   Code   RO          778    .text               c_w.l(init_alloc.o)
    0x080074be   0x080074be   0x0000000e   Code   RO          782    .text               c_w.l(h1_init.o)
    0x080074cc   0x080074cc   0x00000016   Code   RO          796    .text               c_w.l(_rserrno.o)
    0x080074e2   0x080074e2   0x00000024   Code   RO          798    .text               c_w.l(_printf_truncate.o)
    0x08007506   0x08007506   0x000000b2   Code   RO          800    .text               c_w.l(_printf_intcommon.o)
    0x080075b8   0x080075b8   0x00000028   Code   RO          802    .text               c_w.l(_printf_charcount.o)
    0x080075e0   0x080075e0   0x0000041e   Code   RO          804    .text               c_w.l(_printf_fp_dec.o)
    0x080079fe   0x080079fe   0x00000002   PAD
    0x08007a00   0x08007a00   0x00000030   Code   RO          806    .text               c_w.l(_printf_char_common.o)
    0x08007a30   0x08007a30   0x0000000a   Code   RO          808    .text               c_w.l(_sputc.o)
    0x08007a3a   0x08007a3a   0x00000010   Code   RO          810    .text               c_w.l(_snputc.o)
    0x08007a4a   0x08007a4a   0x0000002c   Code   RO          812    .text               c_w.l(_printf_char.o)
    0x08007a76   0x08007a76   0x00000002   PAD
    0x08007a78   0x08007a78   0x000000bc   Code   RO          814    .text               c_w.l(_printf_wctomb.o)
    0x08007b34   0x08007b34   0x0000007c   Code   RO          817    .text               c_w.l(_printf_longlong_dec.o)
    0x08007bb0   0x08007bb0   0x00000070   Code   RO          823    .text               c_w.l(_printf_oct_int_ll.o)
    0x08007c20   0x08007c20   0x0000001c   Code   RO          843    .text               c_w.l(_chval.o)
    0x08007c3c   0x08007c3c   0x0000002c   Code   RO          845    .text               c_w.l(scanf_char.o)
    0x08007c68   0x08007c68   0x00000040   Code   RO          847    .text               c_w.l(_sgetc.o)
    0x08007ca8   0x08007ca8   0x00000008   Code   RO          946    .text               c_w.l(libspace.o)
    0x08007cb0   0x08007cb0   0x00000008   Code   RO          967    .text               c_w.l(rt_locale_intlibspace.o)
    0x08007cb8   0x08007cb8   0x00000008   Code   RO          972    .text               c_w.l(rt_errno_addr_intlibspace.o)
    0x08007cc0   0x08007cc0   0x00000034   Code   RO          978    .text               c_w.l(h1_extend.o)
    0x08007cf4   0x08007cf4   0x0000008a   Code   RO          982    .text               c_w.l(lludiv10.o)
    0x08007d7e   0x08007d7e   0x00000012   Code   RO          984    .text               c_w.l(isspace.o)
    0x08007d90   0x08007d90   0x000002fc   Code   RO          986    .text               c_w.l(_printf_fp_hex.o)
    0x0800808c   0x0800808c   0x00000080   Code   RO          989    .text               c_w.l(_printf_fp_infnan.o)
    0x0800810c   0x0800810c   0x0000002c   Code   RO          993    .text               c_w.l(_printf_wchar.o)
    0x08008138   0x08008138   0x00000374   Code   RO          995    .text               c_w.l(_scanf.o)
    0x080084ac   0x080084ac   0x000000e4   Code   RO          997    .text               c_w.l(bigflt0.o)
    0x08008590   0x08008590   0x00000040   Code   RO         1022    .text               c_w.l(_wcrtomb.o)
    0x080085d0   0x080085d0   0x0000000e   Code   RO         1030    .text               c_w.l(defsig_rtmem_outer.o)
    0x080085de   0x080085de   0x00000002   Code   RO         1047    .text               c_w.l(use_no_semi.o)
    0x080085e0   0x080085e0   0x00000000   Code   RO         1049    .text               c_w.l(indicate_semi.o)
    0x080085e0   0x080085e0   0x0000004a   Code   RO         1050    .text               c_w.l(sys_stackheap_outer.o)
    0x0800862a   0x0800862a   0x00000012   Code   RO         1056    .text               c_w.l(exit.o)
    0x0800863c   0x0800863c   0x0000000a   Code   RO         1058    .text               c_w.l(defsig_exit.o)
    0x08008646   0x08008646   0x00000002   PAD
    0x08008648   0x08008648   0x00000050   Code   RO         1060    .text               c_w.l(defsig_rtmem_inner.o)
    0x08008698   0x08008698   0x00000080   Code   RO         1062    .text               c_w.l(strcmpv7m.o)
    0x08008718   0x08008718   0x0000000c   Code   RO         1076    .text               c_w.l(sys_exit.o)
    0x08008724   0x08008724   0x00000032   Code   RO         1086    .text               c_w.l(defsig_general.o)
    0x08008756   0x08008756   0x0000000e   Code   RO         1108    .text               c_w.l(sys_wrch.o)
    0x08008764   0x08008764   0x0000003e   Code   RO         1000    CL$$btod_d2e        c_w.l(btod.o)
    0x080087a2   0x080087a2   0x00000046   Code   RO         1002    CL$$btod_d2e_denorm_low  c_w.l(btod.o)
    0x080087e8   0x080087e8   0x00000060   Code   RO         1001    CL$$btod_d2e_norm_op1  c_w.l(btod.o)
    0x08008848   0x08008848   0x00000338   Code   RO         1010    CL$$btod_div_common  c_w.l(btod.o)
    0x08008b80   0x08008b80   0x000000dc   Code   RO         1007    CL$$btod_e2e        c_w.l(btod.o)
    0x08008c5c   0x08008c5c   0x0000002a   Code   RO         1004    CL$$btod_ediv       c_w.l(btod.o)
    0x08008c86   0x08008c86   0x0000002a   Code   RO         1003    CL$$btod_emul       c_w.l(btod.o)
    0x08008cb0   0x08008cb0   0x00000244   Code   RO         1009    CL$$btod_mult_common  c_w.l(btod.o)
    0x08008ef4   0x08008ef4   0x00000028   Code   RO          931    i.__ARM_fpclassify  m_ws.l(fpclassify.o)
    0x08008f1c   0x08008f1c   0x000000aa   Code   RO          933    i.__kernel_poly     m_ws.l(poly.o)
    0x08008fc6   0x08008fc6   0x00000002   PAD
    0x08008fc8   0x08008fc8   0x00000010   Code   RO          917    i.__mathlib_dbl_divzero  m_ws.l(dunder.o)
    0x08008fd8   0x08008fd8   0x00000004   Code   RO          919    i.__mathlib_dbl_infnan2  m_ws.l(dunder.o)
    0x08008fdc   0x08008fdc   0x0000000c   Code   RO          920    i.__mathlib_dbl_invalid  m_ws.l(dunder.o)
    0x08008fe8   0x08008fe8   0x0000000e   Code   RO          921    i.__mathlib_dbl_overflow  m_ws.l(dunder.o)
    0x08008ff6   0x08008ff6   0x00000002   PAD
    0x08008ff8   0x08008ff8   0x00000010   Code   RO          923    i.__mathlib_dbl_underflow  m_ws.l(dunder.o)
    0x08009008   0x08009008   0x0000000e   Code   RO          676    i._is_digit         c_w.l(__printf_wp.o)
    0x08009016   0x08009016   0x00000002   PAD
    0x08009018   0x08009018   0x000000dc   Code   RO          753    i.floor             m_ws.l(floor.o)
    0x080090f4   0x080090f4   0x000009d8   Code   RO          757    i.pow               m_ws.l(pow.o)
    0x08009acc   0x08009acc   0x0000004c   Code   RO          937    i.sqrt              m_ws.l(sqrt.o)
    0x08009b18   0x08009b18   0x0000002c   Code   RO         1025    locale$$code        c_w.l(lc_ctype_c.o)
    0x08009b44   0x08009b44   0x0000002c   Code   RO         1028    locale$$code        c_w.l(lc_numeric_c.o)
    0x08009b70   0x08009b70   0x00000150   Code   RO          724    x$fpl$dadd          fz_ws.l(daddsub_clz.o)
    0x08009cc0   0x08009cc0   0x00000010   Code   RO         1039    x$fpl$dcheck1       fz_ws.l(dcheck1.o)
    0x08009cd0   0x08009cd0   0x00000018   Code   RO          896    x$fpl$dcmpinf       fz_ws.l(dcmpi.o)
    0x08009ce8   0x08009ce8   0x000002b0   Code   RO          899    x$fpl$ddiv          fz_ws.l(ddiv.o)
    0x08009f98   0x08009f98   0x00000078   Code   RO          730    x$fpl$deqf          fz_ws.l(deqf.o)
    0x0800a010   0x0800a010   0x0000005e   Code   RO          732    x$fpl$dfix          fz_ws.l(dfix.o)
    0x0800a06e   0x0800a06e   0x0000002e   Code   RO          737    x$fpl$dflt          fz_ws.l(dflt_clz.o)
    0x0800a09c   0x0800a09c   0x00000078   Code   RO          742    x$fpl$dleqf         fz_ws.l(dleqf.o)
    0x0800a114   0x0800a114   0x00000154   Code   RO          744    x$fpl$dmul          fz_ws.l(dmul.o)
    0x0800a268   0x0800a268   0x0000009c   Code   RO          902    x$fpl$dnaninf       fz_ws.l(dnaninf.o)
    0x0800a304   0x0800a304   0x0000000c   Code   RO          904    x$fpl$dretinf       fz_ws.l(dretinf.o)
    0x0800a310   0x0800a310   0x0000006c   Code   RO          746    x$fpl$drleqf        fz_ws.l(drleqf.o)
    0x0800a37c   0x0800a37c   0x00000016   Code   RO          725    x$fpl$drsb          fz_ws.l(daddsub_clz.o)
    0x0800a392   0x0800a392   0x00000002   PAD
    0x0800a394   0x0800a394   0x000001cc   Code   RO         1041    x$fpl$dsqrt         fz_ws.l(dsqrt_noumaal.o)
    0x0800a560   0x0800a560   0x000001d4   Code   RO          726    x$fpl$dsub          fz_ws.l(daddsub_clz.o)
    0x0800a734   0x0800a734   0x00000056   Code   RO          748    x$fpl$f2d           fz_ws.l(f2d.o)
    0x0800a78a   0x0800a78a   0x0000008c   Code   RO          906    x$fpl$fnaninf       fz_ws.l(fnaninf.o)
    0x0800a816   0x0800a816   0x00000004   Code   RO          750    x$fpl$printf1       fz_ws.l(printf1.o)
    0x0800a81a   0x0800a81a   0x00000004   Code   RO          908    x$fpl$printf2       fz_ws.l(printf2.o)
    0x0800a81e   0x0800a81e   0x00000064   Code   RO         1074    x$fpl$retnan        fz_ws.l(retnan.o)
    0x0800a882   0x0800a882   0x0000005c   Code   RO          914    x$fpl$scalbn        fz_ws.l(scalbn.o)
    0x0800a8de   0x0800a8de   0x00000030   Code   RO         1106    x$fpl$trapveneer    fz_ws.l(trapv.o)
    0x0800a90e   0x0800a90e   0x00000000   Code   RO          916    x$fpl$usenofp       fz_ws.l(usenofp.o)
    0x0800a90e   0x0800a90e   0x000000c0   Data   RO          459    .constdata          base64.o
    0x0800a9ce   0x0800a9ce   0x00000007   Data   RO          528    .constdata          cjson.o
    0x0800a9d5   0x0800a9d5   0x00000028   Data   RO          664    .constdata          c_w.l(_printf_hex_int_ll_ptr.o)
    0x0800a9fd   0x0800a9fd   0x00000011   Data   RO          684    .constdata          c_w.l(__printf_flags_ss_wp.o)
    0x0800aa0e   0x0800aa0e   0x00000002   PAD
    0x0800aa10   0x0800aa10   0x00000088   Data   RO          758    .constdata          m_ws.l(pow.o)
    0x0800aa98   0x0800aa98   0x00000008   Data   RO          815    .constdata          c_w.l(_printf_wctomb.o)
    0x0800aaa0   0x0800aaa0   0x00000008   Data   RO          935    .constdata          m_ws.l(qnan.o)
    0x0800aaa8   0x0800aaa8   0x00000026   Data   RO          987    .constdata          c_w.l(_printf_fp_hex.o)
    0x0800aace   0x0800aace   0x00000002   PAD
    0x0800aad0   0x0800aad0   0x00000094   Data   RO          998    .constdata          c_w.l(bigflt0.o)
    0x0800ab64   0x0800ab64   0x00000123   Data   RO          392    .conststring        onenet.o
    0x0800ac87   0x0800ac87   0x00000001   PAD
    0x0800ac88   0x0800ac88   0x00000020   Data   RO         1138    Region$$Table       anon$$obj.o
    0x0800aca8   0x0800aca8   0x00000110   Data   RO         1024    locale$$data        c_w.l(lc_ctype_c.o)
    0x0800adb8   0x0800adb8   0x0000001c   Data   RO         1027    locale$$data        c_w.l(lc_numeric_c.o)


    Execution Region RW_IRAM1 (Exec base: 0x20000000, Load base: 0x0800add4, Size: 0x00000cf0, Max: 0x00005000, ABSOLUTE)

    Exec Addr    Load Addr    Size         Type   Attr      Idx    E Section Name        Object

    0x20000000   0x0800add4   0x00000014   Data   RW          120    .data               system_stm32f10x.o
    0x20000014   0x0800ade8   0x00000014   Data   RW          195    .data               stm32f10x_rcc.o
    0x20000028   0x0800adfc   0x00000001   Data   RW          245    .data               beep.o
    0x20000029   0x0800adfd   0x00000001   PAD
    0x2000002a   0x0800adfe   0x00000004   Data   RW          263    .data               delay.o
    0x2000002e   0x0800ae02   0x0000000b   Data   RW          354    .data               main.o
    0x20000039   0x0800ae0d   0x00000001   PAD
    0x2000003a   0x0800ae0e   0x00000002   Data   RW          393    .data               onenet.o
    0x2000003c   0x0800ae10   0x00000004   Data   RW          509    .data               esp8266.o
    0x20000040   0x0800ae14   0x0000000c   Data   RW          529    .data               cjson.o
    0x2000004c        -       0x00000040   Zero   RW          391    .bss                onenet.o
    0x2000008c        -       0x00000200   Zero   RW          508    .bss                esp8266.o
    0x2000028c        -       0x00000060   Zero   RW          947    .bss                c_w.l(libspace.o)
    0x200002ec   0x0800ae20   0x00000004   PAD
    0x200002f0        -       0x00000200   Zero   RW          138    HEAP                startup_stm32f10x_md.o
    0x200004f0        -       0x00000800   Zero   RW          137    STACK               startup_stm32f10x_md.o


==============================================================================

Image component sizes


      Code (inc. data)   RO Data    RW Data    ZI Data      Debug   Object Name

       192         10          0          0          0        834   ad.o
       688          8        192          0          0       3442   base64.o
        76         10          0          1          0       1477   beep.o
      6784        208          7         12          0      24580   cjson.o
         0          0          0          0          0       4548   core_cm3.o
       244         10          0          4          0       1640   delay.o
       416          4          0          0          0       2318   dht11.o
       656        204          0          4        512       3207   esp8266.o
      1158         28          0          0          0       3300   hmac_sha1.o
       420        180          0         11          0       2267   main.o
       220         22          0          0          0     214545   misc.o
      3592         74          0          0          0      15647   mqttkit.o
      2888       1182        291          2         64       9991   onenet.o
       232         14          0          0          0       1075   pwm.o
        64         26        236          0       2560        884   startup_stm32f10x_md.o
      1102         26          0          0          0      11153   stm32f10x_adc.o
       860         38          0          0          0       5845   stm32f10x_gpio.o
       308        248          0          0          0      45251   stm32f10x_it.o
       932         36          0         20          0       9100   stm32f10x_rcc.o
      3610         88          0          0          0      22956   stm32f10x_tim.o
      1032         22          0          0          0       8572   stm32f10x_usart.o
       480         38          0         20          0       2031   system_stm32f10x.o
       118          0          0          0          0        649   timer.o
       488         14          0          0          0       3509   usart.o

    ----------------------------------------------------------------------
     26568       2490        759         76       3136     398821   Object Totals
         0          0         32          0          0          0   (incl. Generated)
         8          0          1          2          0          0   (incl. Padding)

    ----------------------------------------------------------------------

      Code (inc. data)   RO Data    RW Data    ZI Data      Debug   Library Member Name

        60          8          0          0          0         84   __0sscanf.o
        56          6          0          0          0         88   __2snprintf.o
        44          6          0          0          0         84   __2sprintf.o
         8          0          0          0          0         68   __main.o
       392          4         17          0          0         92   __printf_flags_ss_wp.o
        14          0          0          0          0         68   __printf_wp.o
         0          0          0          0          0          0   __rtentry.o
        12          0          0          0          0          0   __rtentry2.o
         6          0          0          0          0          0   __rtentry4.o
        52          8          0          0          0          0   __scatter.o
        26          0          0          0          0          0   __scatter_copy.o
        28          0          0          0          0          0   __scatter_zi.o
        28          0          0          0          0         68   _chval.o
         6          0          0          0          0          0   _printf_a.o
         6          0          0          0          0          0   _printf_c.o
        44          0          0          0          0        108   _printf_char.o
        48          6          0          0          0         96   _printf_char_common.o
        40          0          0          0          0         68   _printf_charcount.o
         6          0          0          0          0          0   _printf_d.o
       120         16          0          0          0         92   _printf_dec.o
         6          0          0          0          0          0   _printf_e.o
         6          0          0          0          0          0   _printf_f.o
      1054          0          0          0          0        216   _printf_fp_dec.o
       764          8         38          0          0        100   _printf_fp_hex.o
       128         16          0          0          0         84   _printf_fp_infnan.o
         6          0          0          0          0          0   _printf_g.o
       148          4         40          0          0        160   _printf_hex_int_ll_ptr.o
         6          0          0          0          0          0   _printf_i.o
       178          0          0          0          0         88   _printf_intcommon.o
        10          0          0          0          0          0   _printf_l.o
         6          0          0          0          0          0   _printf_lc.o
        10          0          0          0          0          0   _printf_ll.o
         6          0          0          0          0          0   _printf_lld.o
         6          0          0          0          0          0   _printf_lli.o
         6          0          0          0          0          0   _printf_llo.o
         6          0          0          0          0          0   _printf_llu.o
         6          0          0          0          0          0   _printf_llx.o
       124         16          0          0          0         92   _printf_longlong_dec.o
         6          0          0          0          0          0   _printf_ls.o
         6          0          0          0          0          0   _printf_n.o
         6          0          0          0          0          0   _printf_o.o
       112         10          0          0          0        124   _printf_oct_int_ll.o
         6          0          0          0          0          0   _printf_p.o
        78          0          0          0          0        108   _printf_pad.o
         0          0          0          0          0          0   _printf_percent.o
         4          0          0          0          0          0   _printf_percent_end.o
         6          0          0          0          0          0   _printf_s.o
        82          0          0          0          0         80   _printf_str.o
        36          0          0          0          0         84   _printf_truncate.o
         6          0          0          0          0          0   _printf_u.o
        44          0          0          0          0        108   _printf_wchar.o
       188          6          8          0          0         92   _printf_wctomb.o
         6          0          0          0          0          0   _printf_x.o
        22          0          0          0          0        100   _rserrno.o
       884          4          0          0          0        100   _scanf.o
       332          0          0          0          0         96   _scanf_int.o
       224          0          0          0          0         96   _scanf_str.o
        64          0          0          0          0         84   _sgetc.o
        16          0          0          0          0         68   _snputc.o
        10          0          0          0          0         68   _sputc.o
        64          0          0          0          0         92   _wcrtomb.o
       228          4        148          0          0         96   bigflt0.o
      1936        128          0          0          0        672   btod.o
        10          0          0          0          0         68   defsig_exit.o
        50          0          0          0          0         88   defsig_general.o
        80         58          0          0          0         76   defsig_rtmem_inner.o
        14          0          0          0          0         80   defsig_rtmem_outer.o
        18          0          0          0          0         80   exit.o
        94          0          0          0          0         80   h1_alloc.o
        52          0          0          0          0         68   h1_extend.o
        78          0          0          0          0         80   h1_free.o
        14          0          0          0          0         84   h1_init.o
         6          0          0          0          0        152   heapauxi.o
         4          0          0          0          0        136   hguard.o
         0          0          0          0          0          0   indicate_semi.o
       138          0          0          0          0        168   init_alloc.o
        18          0          0          0          0         76   isspace.o
        44         10        272          0          0         76   lc_ctype_c.o
        44         10         28          0          0         76   lc_numeric_c.o
         2          0          0          0          0          0   libinit.o
        38          0          0          0          0          0   libinit2.o
         2          0          0          0          0          0   libshutdown.o
         2          0          0          0          0          0   libshutdown2.o
         8          4          0          0         96         68   libspace.o
       138          0          0          0          0         80   lludiv10.o
         0          0          0          0          0          0   maybetermalloc1.o
        16          4          0          0          0         76   rt_ctype_table.o
         8          4          0          0          0         68   rt_errno_addr_intlibspace.o
         8          4          0          0          0         68   rt_heap_descriptor_intlibspace.o
         8          4          0          0          0         68   rt_locale_intlibspace.o
        68          0          0          0          0         68   rt_memclr.o
        78          0          0          0          0         80   rt_memclr_w.o
       138          0          0          0          0         68   rt_memcpy_v6.o
       100          0          0          0          0         80   rt_memcpy_w.o
         2          0          0          0          0          0   rtexit.o
        10          0          0          0          0          0   rtexit2.o
        44          8          0          0          0         84   scanf_char.o
        24          0          0          0          0         68   strcat.o
        20          0          0          0          0         68   strchr.o
       128          0          0          0          0         68   strcmpv7m.o
        72          0          0          0          0         80   strcpy.o
        62          0          0          0          0         76   strlen.o
        36          0          0          0          0         76   strncat.o
       150          0          0          0          0         80   strncmp.o
        36          0          0          0          0         80   strstr.o
        12          4          0          0          0         68   sys_exit.o
        74          0          0          0          0         80   sys_stackheap_outer.o
        14          0          0          0          0         76   sys_wrch.o
        26          0          0          0          0         76   tolower.o
         2          0          0          0          0         68   use_no_semi.o
        52          4          0          0          0         80   vsnprintf.o
       826         16          0          0          0        348   daddsub_clz.o
        16          4          0          0          0         68   dcheck1.o
        24          0          0          0          0         68   dcmpi.o
       688        140          0          0          0        208   ddiv.o
       120          4          0          0          0         92   deqf.o
        94          4          0          0          0         92   dfix.o
        46          0          0          0          0         68   dflt_clz.o
       120          4          0          0          0         92   dleqf.o
       340         12          0          0          0        104   dmul.o
       156          4          0          0          0         92   dnaninf.o
        12          0          0          0          0         68   dretinf.o
       108          0          0          0          0         80   drleqf.o
       460         56          0          0          0        120   dsqrt_noumaal.o
        86          4          0          0          0         84   f2d.o
       140          4          0          0          0         84   fnaninf.o
         4          0          0          0          0         68   printf1.o
         4          0          0          0          0         68   printf2.o
       100          0          0          0          0         68   retnan.o
        92          0          0          0          0         68   scalbn.o
        48          0          0          0          0         68   trapv.o
         0          0          0          0          0          0   usenofp.o
        62         10          0          0          0        340   dunder.o
       220         16          0          0          0         84   floor.o
        40          0          0          0          0         68   fpclassify.o
       170          0          0          0          0         96   poly.o
      2520        190        136          0          0        324   pow.o
         0          0          8          0          0          0   qnan.o
        76          0          0          0          0         84   sqrt.o

    ----------------------------------------------------------------------
     16474        832        699          0        100       9968   Library Totals
        22          0          4          0          4          0   (incl. Padding)

    ----------------------------------------------------------------------

      Code (inc. data)   RO Data    RW Data    ZI Data      Debug   Library Name

      9880        364        551          0         96       6964   c_w.l
      3484        252          0          0          0       2008   fz_ws.l
      3088        216        144          0          0        996   m_ws.l

    ----------------------------------------------------------------------
     16474        832        699          0        100       9968   Library Totals

    ----------------------------------------------------------------------

==============================================================================


      Code (inc. data)   RO Data    RW Data    ZI Data      Debug   

     43042       3322       1458         76       3236     401089   Grand Totals
     43042       3322       1458         76       3236     401089   ELF Image Totals
     43042       3322       1458         76          0          0   ROM Totals

==============================================================================

    Total RO  Size (Code + RO Data)                44500 (  43.46kB)
    Total RW  Size (RW Data + ZI Data)              3312 (   3.23kB)
    Total ROM Size (Code + RO Data + RW Data)      44576 (  43.53kB)

==============================================================================

